Mar  6 17:59:36 Workstation kernel: [    0.000000] Linux version 5.4.0-84-generic (buildd@lcy01-amd64-007) (gcc version 7.5.0 (Ubuntu 7.5.0-3ubuntu1~18.04)) #94~18.04.1-Ubuntu SMP Thu Aug 26 23:17:46 UTC 2021 (Ubuntu 5.4.0-84.94~18.04.1-generic 5.4.133)
Mar  6 17:59:36 Workstation kernel: [    0.000000] Command line: BOOT_IMAGE=/boot/vmlinuz-5.4.0-84-generic root=UUID=9d634240-c5ca-49fd-9961-b41e677a66d1 ro quiet splash
Mar  6 17:59:36 Workstation kernel: [    0.000000] KERNEL supported cpus:
Mar  6 17:59:36 Workstation kernel: [    0.000000]   Intel GenuineIntel
Mar  6 17:59:36 Workstation kernel: [    0.000000]   AMD AuthenticAMD
Mar  6 17:59:36 Workstation kernel: [    0.000000]   Hygon HygonGenuine
Mar  6 17:59:36 Workstation kernel: [    0.000000]   Centaur CentaurHauls
Mar  6 17:59:36 Workstation kernel: [    0.000000]   zhaoxin   Shanghai  
Mar  6 17:59:36 Workstation kernel: [    0.000000] x86/fpu: Supporting XSAVE feature 0x001: 'x87 floating point registers'
Mar  6 17:59:36 Workstation kernel: [    0.000000] x86/fpu: Supporting XSAVE feature 0x002: 'SSE registers'
Mar  6 17:59:36 Workstation kernel: [    0.000000] x86/fpu: Supporting XSAVE feature 0x004: 'AVX registers'
Mar  6 17:59:36 Workstation kernel: [    0.000000] x86/fpu: xstate_offset[2]:  576, xstate_sizes[2]:  256
Mar  6 17:59:36 Workstation kernel: [    0.000000] x86/fpu: Enabled xstate features 0x7, context size is 832 bytes, using 'standard' format.
Mar  6 17:59:36 Workstation kernel: [    0.000000] BIOS-provided physical RAM map:
Mar  6 17:59:36 Workstation kernel: [    0.000000] BIOS-e820: [mem 0x0000000000000000-0x000000000009fbff] usable
Mar  6 17:59:36 Workstation kernel: [    0.000000] BIOS-e820: [mem 0x000000000009fc00-0x000000000009ffff] reserved
Mar  6 17:59:36 Workstation kernel: [    0.000000] BIOS-e820: [mem 0x00000000000f0000-0x00000000000fffff] reserved
Mar  6 17:59:36 Workstation kernel: [    0.000000] BIOS-e820: [mem 0x0000000000100000-0x00000000dffeffff] usable
Mar  6 17:59:36 Workstation kernel: [    0.000000] BIOS-e820: [mem 0x00000000dfff0000-0x00000000dfffffff] ACPI data
Mar  6 17:59:36 Workstation kernel: [    0.000000] BIOS-e820: [mem 0x00000000fec00000-0x00000000fec00fff] reserved
Mar  6 17:59:36 Workstation kernel: [    0.000000] BIOS-e820: [mem 0x00000000fee00000-0x00000000fee00fff] reserved
Mar  6 17:59:36 Workstation kernel: [    0.000000] BIOS-e820: [mem 0x00000000fffc0000-0x00000000ffffffff] reserved
Mar  6 17:59:36 Workstation kernel: [    0.000000] BIOS-e820: [mem 0x0000000100000000-0x000000011fffffff] usable
Mar  6 17:59:36 Workstation kernel: [    0.000000] NX (Execute Disable) protection: active
Mar  6 17:59:36 Workstation kernel: [    0.000000] SMBIOS 2.5 present.
Mar  6 17:59:36 Workstation kernel: [    0.000000] DMI: innotek GmbH VirtualBox/VirtualBox, BIOS VirtualBox 12/01/2006
Mar  6 17:59:36 Workstation kernel: [    0.000000] Hypervisor detected: KVM
Mar  6 17:59:36 Workstation kernel: [    0.000000] kvm-clock: Using msrs 4b564d01 and 4b564d00
Mar  6 17:59:36 Workstation kernel: [    0.000000] kvm-clock: cpu 0, msr 51401001, primary cpu clock
Mar  6 17:59:36 Workstation kernel: [    0.000000] kvm-clock: using sched offset of 3454019703 cycles
Mar  6 17:59:36 Workstation kernel: [    0.000002] clocksource: kvm-clock: mask: 0xffffffffffffffff max_cycles: 0x1cd42e4dffb, max_idle_ns: 881590591483 ns
Mar  6 17:59:36 Workstation kernel: [    0.000004] tsc: Detected 2111.998 MHz processor
Mar  6 17:59:36 Workstation kernel: [    0.002374] e820: update [mem 0x00000000-0x00000fff] usable ==> reserved
Mar  6 17:59:36 Workstation kernel: [    0.002376] e820: remove [mem 0x000a0000-0x000fffff] usable
Mar  6 17:59:36 Workstation kernel: [    0.002379] last_pfn = 0x120000 max_arch_pfn = 0x400000000
Mar  6 17:59:36 Workstation kernel: [    0.002388] MTRR default type: uncachable
Mar  6 17:59:36 Workstation kernel: [    0.002389] MTRR variable ranges disabled:
Mar  6 17:59:36 Workstation kernel: [    0.002390] Disabled
Mar  6 17:59:36 Workstation kernel: [    0.002391] x86/PAT: MTRRs disabled, skipping PAT initialization too.
Mar  6 17:59:36 Workstation kernel: [    0.002393] CPU MTRRs all blank - virtualized system.
Mar  6 17:59:36 Workstation kernel: [    0.002395] x86/PAT: Configuration [0-7]: WB  WT  UC- UC  WB  WT  UC- UC  
Mar  6 17:59:36 Workstation kernel: [    0.002399] last_pfn = 0xdfff0 max_arch_pfn = 0x400000000
Mar  6 17:59:36 Workstation kernel: [    0.002452] found SMP MP-table at [mem 0x0009fff0-0x0009ffff]
Mar  6 17:59:36 Workstation kernel: [    0.076077] check: Scanning 1 areas for low memory corruption
Mar  6 17:59:36 Workstation kernel: [    0.076498] RAMDISK: [mem 0x32d61000-0x356a7fff]
Mar  6 17:59:36 Workstation kernel: [    0.076506] ACPI: Early table checksum verification disabled
Mar  6 17:59:36 Workstation kernel: [    0.076513] ACPI: RSDP 0x00000000000E0000 000024 (v02 VBOX  )
Mar  6 17:59:36 Workstation kernel: [    0.076516] ACPI: XSDT 0x00000000DFFF0030 00003C (v01 VBOX   VBOXXSDT 00000001 ASL  00000061)
Mar  6 17:59:36 Workstation kernel: [    0.076521] ACPI: FACP 0x00000000DFFF00F0 0000F4 (v04 VBOX   VBOXFACP 00000001 ASL  00000061)
Mar  6 17:59:36 Workstation kernel: [    0.076526] ACPI: DSDT 0x00000000DFFF0620 002353 (v02 VBOX   VBOXBIOS 00000002 INTL 20100528)
Mar  6 17:59:36 Workstation kernel: [    0.076529] ACPI: FACS 0x00000000DFFF0200 000040
Mar  6 17:59:36 Workstation kernel: [    0.076531] ACPI: FACS 0x00000000DFFF0200 000040
Mar  6 17:59:36 Workstation kernel: [    0.076533] ACPI: APIC 0x00000000DFFF0240 00006C (v02 VBOX   VBOXAPIC 00000001 ASL  00000061)
Mar  6 17:59:36 Workstation kernel: [    0.076535] ACPI: SSDT 0x00000000DFFF02B0 00036C (v01 VBOX   VBOXCPUT 00000002 INTL 20100528)
Mar  6 17:59:36 Workstation kernel: [    0.076538] ACPI: Reserving FACP table memory at [mem 0xdfff00f0-0xdfff01e3]
Mar  6 17:59:36 Workstation kernel: [    0.076538] ACPI: Reserving DSDT table memory at [mem 0xdfff0620-0xdfff2972]
Mar  6 17:59:36 Workstation kernel: [    0.076539] ACPI: Reserving FACS table memory at [mem 0xdfff0200-0xdfff023f]
Mar  6 17:59:36 Workstation kernel: [    0.076539] ACPI: Reserving FACS table memory at [mem 0xdfff0200-0xdfff023f]
Mar  6 17:59:36 Workstation kernel: [    0.076540] ACPI: Reserving APIC table memory at [mem 0xdfff0240-0xdfff02ab]
Mar  6 17:59:36 Workstation kernel: [    0.076540] ACPI: Reserving SSDT table memory at [mem 0xdfff02b0-0xdfff061b]
Mar  6 17:59:36 Workstation kernel: [    0.076558] ACPI: Local APIC address 0xfee00000
Mar  6 17:59:36 Workstation kernel: [    0.076851] No NUMA configuration found
Mar  6 17:59:36 Workstation kernel: [    0.076853] Faking a node at [mem 0x0000000000000000-0x000000011fffffff]
Mar  6 17:59:36 Workstation kernel: [    0.076866] NODE_DATA(0) allocated [mem 0x11ffd1000-0x11fffbfff]
Mar  6 17:59:36 Workstation kernel: [    0.077262] Zone ranges:
Mar  6 17:59:36 Workstation kernel: [    0.077264]   DMA      [mem 0x0000000000001000-0x0000000000ffffff]
Mar  6 17:59:36 Workstation kernel: [    0.077265]   DMA32    [mem 0x0000000001000000-0x00000000ffffffff]
Mar  6 17:59:36 Workstation kernel: [    0.077265]   Normal   [mem 0x0000000100000000-0x000000011fffffff]
Mar  6 17:59:36 Workstation kernel: [    0.077266]   Device   empty
Mar  6 17:59:36 Workstation kernel: [    0.077267] Movable zone start for each node
Mar  6 17:59:36 Workstation kernel: [    0.077269] Early memory node ranges
Mar  6 17:59:36 Workstation kernel: [    0.077270]   node   0: [mem 0x0000000000001000-0x000000000009efff]
Mar  6 17:59:36 Workstation kernel: [    0.077270]   node   0: [mem 0x0000000000100000-0x00000000dffeffff]
Mar  6 17:59:36 Workstation kernel: [    0.077271]   node   0: [mem 0x0000000100000000-0x000000011fffffff]
Mar  6 17:59:36 Workstation kernel: [    0.077784] Zeroed struct page in unavailable ranges: 114 pages
Mar  6 17:59:36 Workstation kernel: [    0.077786] Initmem setup node 0 [mem 0x0000000000001000-0x000000011fffffff]
Mar  6 17:59:36 Workstation kernel: [    0.077788] On node 0 totalpages: 1048462
Mar  6 17:59:36 Workstation kernel: [    0.077789]   DMA zone: 64 pages used for memmap
Mar  6 17:59:36 Workstation kernel: [    0.077790]   DMA zone: 21 pages reserved
Mar  6 17:59:36 Workstation kernel: [    0.077790]   DMA zone: 3998 pages, LIFO batch:0
Mar  6 17:59:36 Workstation kernel: [    0.077838]   DMA32 zone: 14272 pages used for memmap
Mar  6 17:59:36 Workstation kernel: [    0.077839]   DMA32 zone: 913392 pages, LIFO batch:63
Mar  6 17:59:36 Workstation kernel: [    0.093234]   Normal zone: 2048 pages used for memmap
Mar  6 17:59:36 Workstation kernel: [    0.093235]   Normal zone: 131072 pages, LIFO batch:31
Mar  6 17:59:36 Workstation kernel: [    0.095681] ACPI: PM-Timer IO Port: 0x4008
Mar  6 17:59:36 Workstation kernel: [    0.095684] ACPI: Local APIC address 0xfee00000
Mar  6 17:59:36 Workstation kernel: [    0.095741] IOAPIC[0]: apic_id 4, version 32, address 0xfec00000, GSI 0-23
Mar  6 17:59:36 Workstation kernel: [    0.095744] ACPI: INT_SRC_OVR (bus 0 bus_irq 0 global_irq 2 dfl dfl)
Mar  6 17:59:36 Workstation kernel: [    0.095745] ACPI: INT_SRC_OVR (bus 0 bus_irq 9 global_irq 9 low level)
Mar  6 17:59:36 Workstation kernel: [    0.095746] ACPI: IRQ0 used by override.
Mar  6 17:59:36 Workstation kernel: [    0.095747] ACPI: IRQ9 used by override.
Mar  6 17:59:36 Workstation kernel: [    0.095749] Using ACPI (MADT) for SMP configuration information
Mar  6 17:59:36 Workstation kernel: [    0.095753] smpboot: Allowing 4 CPUs, 0 hotplug CPUs
Mar  6 17:59:36 Workstation kernel: [    0.095772] PM: Registered nosave memory: [mem 0x00000000-0x00000fff]
Mar  6 17:59:36 Workstation kernel: [    0.095773] PM: Registered nosave memory: [mem 0x0009f000-0x0009ffff]
Mar  6 17:59:36 Workstation kernel: [    0.095773] PM: Registered nosave memory: [mem 0x000a0000-0x000effff]
Mar  6 17:59:36 Workstation kernel: [    0.095773] PM: Registered nosave memory: [mem 0x000f0000-0x000fffff]
Mar  6 17:59:36 Workstation kernel: [    0.095774] PM: Registered nosave memory: [mem 0xdfff0000-0xdfffffff]
Mar  6 17:59:36 Workstation kernel: [    0.095774] PM: Registered nosave memory: [mem 0xe0000000-0xfebfffff]
Mar  6 17:59:36 Workstation kernel: [    0.095775] PM: Registered nosave memory: [mem 0xfec00000-0xfec00fff]
Mar  6 17:59:36 Workstation kernel: [    0.095775] PM: Registered nosave memory: [mem 0xfec01000-0xfedfffff]
Mar  6 17:59:36 Workstation kernel: [    0.095775] PM: Registered nosave memory: [mem 0xfee00000-0xfee00fff]
Mar  6 17:59:36 Workstation kernel: [    0.095776] PM: Registered nosave memory: [mem 0xfee01000-0xfffbffff]
Mar  6 17:59:36 Workstation kernel: [    0.095776] PM: Registered nosave memory: [mem 0xfffc0000-0xffffffff]
Mar  6 17:59:36 Workstation kernel: [    0.095777] [mem 0xe0000000-0xfebfffff] available for PCI devices
Mar  6 17:59:36 Workstation kernel: [    0.095778] Booting paravirtualized kernel on KVM
Mar  6 17:59:36 Workstation kernel: [    0.095780] clocksource: refined-jiffies: mask: 0xffffffff max_cycles: 0xffffffff, max_idle_ns: 7645519600211568 ns
Mar  6 17:59:36 Workstation kernel: [    0.095783] setup_percpu: NR_CPUS:8192 nr_cpumask_bits:4 nr_cpu_ids:4 nr_node_ids:1
Mar  6 17:59:36 Workstation kernel: [    0.096062] percpu: Embedded 55 pages/cpu s188416 r8192 d28672 u524288
Mar  6 17:59:36 Workstation kernel: [    0.096066] pcpu-alloc: s188416 r8192 d28672 u524288 alloc=1*2097152
Mar  6 17:59:36 Workstation kernel: [    0.096067] pcpu-alloc: [0] 0 1 2 3 
Mar  6 17:59:36 Workstation kernel: [    0.096088] PV qspinlock hash table entries: 256 (order: 0, 4096 bytes, linear)
Mar  6 17:59:36 Workstation kernel: [    0.096092] Built 1 zonelists, mobility grouping on.  Total pages: 1032057
Mar  6 17:59:36 Workstation kernel: [    0.096093] Policy zone: Normal
Mar  6 17:59:36 Workstation kernel: [    0.096094] Kernel command line: BOOT_IMAGE=/boot/vmlinuz-5.4.0-84-generic root=UUID=9d634240-c5ca-49fd-9961-b41e677a66d1 ro quiet splash
Mar  6 17:59:36 Workstation kernel: [    0.096667] Dentry cache hash table entries: 524288 (order: 10, 4194304 bytes, linear)
Mar  6 17:59:36 Workstation kernel: [    0.096946] Inode-cache hash table entries: 262144 (order: 9, 2097152 bytes, linear)
Mar  6 17:59:36 Workstation kernel: [    0.097010] mem auto-init: stack:off, heap alloc:on, heap free:off
Mar  6 17:59:36 Workstation kernel: [    0.102778] Calgary: detecting Calgary via BIOS EBDA area
Mar  6 17:59:36 Workstation kernel: [    0.102780] Calgary: Unable to locate Rio Grande table in EBDA - bailing!
Mar  6 17:59:36 Workstation kernel: [    0.110924] Memory: 3979952K/4193848K available (14339K kernel code, 2381K rwdata, 4984K rodata, 2716K init, 5004K bss, 213896K reserved, 0K cma-reserved)
Mar  6 17:59:36 Workstation kernel: [    0.110932] random: get_random_u64 called from __kmem_cache_create+0x41/0x550 with crng_init=0
Mar  6 17:59:36 Workstation kernel: [    0.111271] SLUB: HWalign=64, Order=0-3, MinObjects=0, CPUs=4, Nodes=1
Mar  6 17:59:36 Workstation kernel: [    0.111282] ftrace: allocating 44320 entries in 174 pages
Mar  6 17:59:36 Workstation kernel: [    0.125156] rcu: Hierarchical RCU implementation.
Mar  6 17:59:36 Workstation kernel: [    0.125158] rcu: 	RCU restricting CPUs from NR_CPUS=8192 to nr_cpu_ids=4.
Mar  6 17:59:36 Workstation kernel: [    0.125159] 	Tasks RCU enabled.
Mar  6 17:59:36 Workstation kernel: [    0.125159] rcu: RCU calculated value of scheduler-enlistment delay is 25 jiffies.
Mar  6 17:59:36 Workstation kernel: [    0.125160] rcu: Adjusting geometry for rcu_fanout_leaf=16, nr_cpu_ids=4
Mar  6 17:59:36 Workstation kernel: [    0.127374] NR_IRQS: 524544, nr_irqs: 456, preallocated irqs: 16
Mar  6 17:59:36 Workstation kernel: [    0.127826] random: crng done (trusting CPU's manufacturer)
Mar  6 17:59:36 Workstation kernel: [    0.135546] Console: colour VGA+ 80x25
Mar  6 17:59:36 Workstation kernel: [    0.135549] printk: console [tty0] enabled
Mar  6 17:59:36 Workstation kernel: [    0.135572] ACPI: Core revision 20190816
Mar  6 17:59:36 Workstation kernel: [    0.135685] APIC: Switch to symmetric I/O mode setup
Mar  6 17:59:36 Workstation kernel: [    0.135940] x2apic enabled
Mar  6 17:59:36 Workstation kernel: [    0.136144] Switched APIC routing to physical x2apic.
Mar  6 17:59:36 Workstation kernel: [    0.137108] ..TIMER: vector=0x30 apic1=0 pin1=2 apic2=-1 pin2=-1
Mar  6 17:59:36 Workstation kernel: [    0.137130] clocksource: tsc-early: mask: 0xffffffffffffffff max_cycles: 0x1e71768ef8b, max_idle_ns: 440795218977 ns
Mar  6 17:59:36 Workstation kernel: [    0.137135] Calibrating delay loop (skipped) preset value.. 4223.99 BogoMIPS (lpj=8447992)
Mar  6 17:59:36 Workstation kernel: [    0.137136] pid_max: default: 32768 minimum: 301
Mar  6 17:59:36 Workstation kernel: [    0.137168] LSM: Security Framework initializing
Mar  6 17:59:36 Workstation kernel: [    0.137176] Yama: becoming mindful.
Mar  6 17:59:36 Workstation kernel: [    0.137196] AppArmor: AppArmor initialized
Mar  6 17:59:36 Workstation kernel: [    0.137227] Mount-cache hash table entries: 8192 (order: 4, 65536 bytes, linear)
Mar  6 17:59:36 Workstation kernel: [    0.137233] Mountpoint-cache hash table entries: 8192 (order: 4, 65536 bytes, linear)
Mar  6 17:59:36 Workstation kernel: [    0.137246] *** VALIDATE tmpfs ***
Mar  6 17:59:36 Workstation kernel: [    0.137360] *** VALIDATE proc ***
Mar  6 17:59:36 Workstation kernel: [    0.137396] *** VALIDATE cgroup1 ***
Mar  6 17:59:36 Workstation kernel: [    0.137397] *** VALIDATE cgroup2 ***
Mar  6 17:59:36 Workstation kernel: [    0.137521] Last level iTLB entries: 4KB 64, 2MB 8, 4MB 8
Mar  6 17:59:36 Workstation kernel: [    0.137522] Last level dTLB entries: 4KB 64, 2MB 0, 4MB 0, 1GB 4
Mar  6 17:59:36 Workstation kernel: [    0.137525] Spectre V1 : Mitigation: usercopy/swapgs barriers and __user pointer sanitization
Mar  6 17:59:36 Workstation kernel: [    0.137527] Spectre V2 : Mitigation: Full generic retpoline
Mar  6 17:59:36 Workstation kernel: [    0.137527] Spectre V2 : Spectre v2 / SpectreRSB mitigation: Filling RSB on context switch
Mar  6 17:59:36 Workstation kernel: [    0.137528] Speculative Store Bypass: Vulnerable
Mar  6 17:59:36 Workstation kernel: [    0.137529] SRBDS: Mitigation: TSX disabled
Mar  6 17:59:36 Workstation kernel: [    0.137711] Freeing SMP alternatives memory: 40K
Mar  6 17:59:36 Workstation kernel: [    0.247595] smpboot: CPU0: Intel(R) Core(TM) i5-10210U CPU @ 1.60GHz (family: 0x6, model: 0x8e, stepping: 0xc)
Mar  6 17:59:36 Workstation kernel: [    0.247973] Performance Events: unsupported p6 CPU model 142 no PMU driver, software events only.
Mar  6 17:59:36 Workstation kernel: [    0.248000] rcu: Hierarchical SRCU implementation.
Mar  6 17:59:36 Workstation kernel: [    0.248570] NMI watchdog: Perf NMI watchdog permanently disabled
Mar  6 17:59:36 Workstation kernel: [    0.248610] smp: Bringing up secondary CPUs ...
Mar  6 17:59:36 Workstation kernel: [    0.248676] x86: Booting SMP configuration:
Mar  6 17:59:36 Workstation kernel: [    0.248677] .... node  #0, CPUs:      #1
Mar  6 17:59:36 Workstation kernel: [    0.013506] kvm-clock: cpu 1, msr 51401041, secondary cpu clock
Mar  6 17:59:36 Workstation kernel: [    0.249229]  #2
Mar  6 17:59:36 Workstation kernel: [    0.013506] kvm-clock: cpu 2, msr 51401081, secondary cpu clock
Mar  6 17:59:36 Workstation kernel: [    0.251658] TSC synchronization [CPU#0 -> CPU#2]:
Mar  6 17:59:36 Workstation kernel: [    0.251659] Measured 2 cycles TSC warp between CPUs, turning off TSC clock.
Mar  6 17:59:36 Workstation kernel: [    0.251660] tsc: Marking TSC unstable due to check_tsc_sync_source failed
Mar  6 17:59:36 Workstation kernel: [    0.253239]  #3
Mar  6 17:59:36 Workstation kernel: [    0.013506] kvm-clock: cpu 3, msr 514010c1, secondary cpu clock
Mar  6 17:59:36 Workstation kernel: [    0.253637] smp: Brought up 1 node, 4 CPUs
Mar  6 17:59:36 Workstation kernel: [    0.253637] smpboot: Max logical packages: 1
Mar  6 17:59:36 Workstation kernel: [    0.253637] smpboot: Total of 4 processors activated (16895.98 BogoMIPS)
Mar  6 17:59:36 Workstation kernel: [    0.253637] devtmpfs: initialized
Mar  6 17:59:36 Workstation kernel: [    0.253637] x86/mm: Memory block size: 128MB
Mar  6 17:59:36 Workstation kernel: [    0.253637] clocksource: jiffies: mask: 0xffffffff max_cycles: 0xffffffff, max_idle_ns: 7645041785100000 ns
Mar  6 17:59:36 Workstation kernel: [    0.253637] futex hash table entries: 1024 (order: 4, 65536 bytes, linear)
Mar  6 17:59:36 Workstation kernel: [    0.253637] pinctrl core: initialized pinctrl subsystem
Mar  6 17:59:36 Workstation kernel: [    0.253637] PM: RTC time: 09:59:33, date: 2024-03-06
Mar  6 17:59:36 Workstation kernel: [    0.253637] NET: Registered protocol family 16
Mar  6 17:59:36 Workstation kernel: [    0.253637] audit: initializing netlink subsys (disabled)
Mar  6 17:59:36 Workstation kernel: [    0.253637] audit: type=2000 audit(1709719178.360:1): state=initialized audit_enabled=0 res=1
Mar  6 17:59:36 Workstation kernel: [    0.253637] EISA bus registered
Mar  6 17:59:36 Workstation kernel: [    0.253637] cpuidle: using governor ladder
Mar  6 17:59:36 Workstation kernel: [    0.253637] cpuidle: using governor menu
Mar  6 17:59:36 Workstation kernel: [    0.253637] ACPI: bus type PCI registered
Mar  6 17:59:36 Workstation kernel: [    0.253637] acpiphp: ACPI Hot Plug PCI Controller Driver version: 0.5
Mar  6 17:59:36 Workstation kernel: [    0.253637] PCI: Using configuration type 1 for base access
Mar  6 17:59:36 Workstation kernel: [    0.257607] HugeTLB registered 2.00 MiB page size, pre-allocated 0 pages
Mar  6 17:59:36 Workstation kernel: [    0.257607] ACPI: Added _OSI(Module Device)
Mar  6 17:59:36 Workstation kernel: [    0.257607] ACPI: Added _OSI(Processor Device)
Mar  6 17:59:36 Workstation kernel: [    0.257607] ACPI: Added _OSI(3.0 _SCP Extensions)
Mar  6 17:59:36 Workstation kernel: [    0.257607] ACPI: Added _OSI(Processor Aggregator Device)
Mar  6 17:59:36 Workstation kernel: [    0.257607] ACPI: Added _OSI(Linux-Dell-Video)
Mar  6 17:59:36 Workstation kernel: [    0.257607] ACPI: Added _OSI(Linux-Lenovo-NV-HDMI-Audio)
Mar  6 17:59:36 Workstation kernel: [    0.257607] ACPI: Added _OSI(Linux-HPI-Hybrid-Graphics)
Mar  6 17:59:36 Workstation kernel: [    0.262030] ACPI: 2 ACPI AML tables successfully acquired and loaded
Mar  6 17:59:36 Workstation kernel: [    0.263483] ACPI: Interpreter enabled
Mar  6 17:59:36 Workstation kernel: [    0.263493] ACPI: (supports S0 S5)
Mar  6 17:59:36 Workstation kernel: [    0.263494] ACPI: Using IOAPIC for interrupt routing
Mar  6 17:59:36 Workstation kernel: [    0.263679] PCI: Using host bridge windows from ACPI; if necessary, use "pci=nocrs" and report a bug
Mar  6 17:59:36 Workstation kernel: [    0.263794] ACPI: Enabled 2 GPEs in block 00 to 07
Mar  6 17:59:36 Workstation kernel: [    0.269628] ACPI: PCI Root Bridge [PCI0] (domain 0000 [bus 00-ff])
Mar  6 17:59:36 Workstation kernel: [    0.269632] acpi PNP0A03:00: _OSC: OS supports [ASPM ClockPM Segments MSI HPX-Type3]
Mar  6 17:59:36 Workstation kernel: [    0.270031] acpi PNP0A03:00: _OSC: not requesting OS control; OS requires [ExtendedConfig ASPM ClockPM MSI]
Mar  6 17:59:36 Workstation kernel: [    0.270039] acpi PNP0A03:00: fail to add MMCONFIG information, can't access extended PCI configuration space under this bridge.
Mar  6 17:59:36 Workstation kernel: [    0.270402] PCI host bridge to bus 0000:00
Mar  6 17:59:36 Workstation kernel: [    0.270404] pci_bus 0000:00: root bus resource [io  0x0000-0x0cf7 window]
Mar  6 17:59:36 Workstation kernel: [    0.270405] pci_bus 0000:00: root bus resource [io  0x0d00-0xffff window]
Mar  6 17:59:36 Workstation kernel: [    0.270406] pci_bus 0000:00: root bus resource [mem 0x000a0000-0x000bffff window]
Mar  6 17:59:36 Workstation kernel: [    0.270407] pci_bus 0000:00: root bus resource [mem 0xe0000000-0xfdffffff window]
Mar  6 17:59:36 Workstation kernel: [    0.270408] pci_bus 0000:00: root bus resource [bus 00-ff]
Mar  6 17:59:36 Workstation kernel: [    0.270447] pci 0000:00:00.0: [8086:1237] type 00 class 0x060000
Mar  6 17:59:36 Workstation kernel: [    0.271299] pci 0000:00:01.0: [8086:7000] type 00 class 0x060100
Mar  6 17:59:36 Workstation kernel: [    0.271978] pci 0000:00:01.1: [8086:7111] type 00 class 0x01018a
Mar  6 17:59:36 Workstation kernel: [    0.272310] pci 0000:00:01.1: reg 0x20: [io  0xd000-0xd00f]
Mar  6 17:59:36 Workstation kernel: [    0.272443] pci 0000:00:01.1: legacy IDE quirk: reg 0x10: [io  0x01f0-0x01f7]
Mar  6 17:59:36 Workstation kernel: [    0.272443] pci 0000:00:01.1: legacy IDE quirk: reg 0x14: [io  0x03f6]
Mar  6 17:59:36 Workstation kernel: [    0.272444] pci 0000:00:01.1: legacy IDE quirk: reg 0x18: [io  0x0170-0x0177]
Mar  6 17:59:36 Workstation kernel: [    0.272445] pci 0000:00:01.1: legacy IDE quirk: reg 0x1c: [io  0x0376]
Mar  6 17:59:36 Workstation kernel: [    0.272934] pci 0000:00:02.0: [15ad:0405] type 00 class 0x030000
Mar  6 17:59:36 Workstation kernel: [    0.273686] pci 0000:00:02.0: reg 0x10: [io  0xd010-0xd01f]
Mar  6 17:59:36 Workstation kernel: [    0.277374] pci 0000:00:02.0: reg 0x14: [mem 0xe0000000-0xe0ffffff pref]
Mar  6 17:59:36 Workstation kernel: [    0.279210] pci 0000:00:02.0: reg 0x18: [mem 0xf0000000-0xf01fffff]
Mar  6 17:59:36 Workstation kernel: [    0.286135] pci 0000:00:03.0: [8086:100e] type 00 class 0x020000
Mar  6 17:59:36 Workstation kernel: [    0.289277] pci 0000:00:03.0: reg 0x10: [mem 0xf0200000-0xf021ffff]
Mar  6 17:59:36 Workstation kernel: [    0.292363] pci 0000:00:03.0: reg 0x18: [io  0xd020-0xd027]
Mar  6 17:59:36 Workstation kernel: [    0.298101] pci 0000:00:04.0: [80ee:cafe] type 00 class 0x088000
Mar  6 17:59:36 Workstation kernel: [    0.299647] pci 0000:00:04.0: reg 0x10: [io  0xd040-0xd05f]
Mar  6 17:59:36 Workstation kernel: [    0.301242] pci 0000:00:04.0: reg 0x14: [mem 0xf0400000-0xf07fffff]
Mar  6 17:59:36 Workstation kernel: [    0.302756] pci 0000:00:04.0: reg 0x18: [mem 0xf0800000-0xf0803fff pref]
Mar  6 17:59:36 Workstation kernel: [    0.309896] pci 0000:00:05.0: [8086:2415] type 00 class 0x040100
Mar  6 17:59:36 Workstation kernel: [    0.310011] pci 0000:00:05.0: reg 0x10: [io  0xd100-0xd1ff]
Mar  6 17:59:36 Workstation kernel: [    0.310066] pci 0000:00:05.0: reg 0x14: [io  0xd200-0xd23f]
Mar  6 17:59:36 Workstation kernel: [    0.310823] pci 0000:00:06.0: [106b:003f] type 00 class 0x0c0310
Mar  6 17:59:36 Workstation kernel: [    0.313239] pci 0000:00:06.0: reg 0x10: [mem 0xf0804000-0xf0804fff]
Mar  6 17:59:36 Workstation kernel: [    0.321978] pci 0000:00:07.0: [8086:7113] type 00 class 0x068000
Mar  6 17:59:36 Workstation kernel: [    0.322336] pci 0000:00:07.0: quirk: [io  0x4000-0x403f] claimed by PIIX4 ACPI
Mar  6 17:59:36 Workstation kernel: [    0.322345] pci 0000:00:07.0: quirk: [io  0x4100-0x410f] claimed by PIIX4 SMB
Mar  6 17:59:36 Workstation kernel: [    0.322894] pci 0000:00:08.0: [8086:100e] type 00 class 0x020000
Mar  6 17:59:36 Workstation kernel: [    0.325245] pci 0000:00:08.0: reg 0x10: [mem 0xf0820000-0xf083ffff]
Mar  6 17:59:36 Workstation kernel: [    0.328206] pci 0000:00:08.0: reg 0x18: [io  0xd240-0xd247]
Mar  6 17:59:36 Workstation kernel: [    0.334567] pci 0000:00:0b.0: [8086:265c] type 00 class 0x0c0320
Mar  6 17:59:36 Workstation kernel: [    0.337243] pci 0000:00:0b.0: reg 0x10: [mem 0xf0840000-0xf0840fff]
Mar  6 17:59:36 Workstation kernel: [    0.346220] pci 0000:00:0d.0: [8086:2829] type 00 class 0x010601
Mar  6 17:59:36 Workstation kernel: [    0.349244] pci 0000:00:0d.0: reg 0x10: [io  0xd248-0xd24f]
Mar  6 17:59:36 Workstation kernel: [    0.350687] pci 0000:00:0d.0: reg 0x14: [io  0xd250-0xd253]
Mar  6 17:59:36 Workstation kernel: [    0.352127] pci 0000:00:0d.0: reg 0x18: [io  0xd258-0xd25f]
Mar  6 17:59:36 Workstation kernel: [    0.353245] pci 0000:00:0d.0: reg 0x1c: [io  0xd260-0xd263]
Mar  6 17:59:36 Workstation kernel: [    0.354720] pci 0000:00:0d.0: reg 0x20: [io  0xd270-0xd27f]
Mar  6 17:59:36 Workstation kernel: [    0.356230] pci 0000:00:0d.0: reg 0x24: [mem 0xf0842000-0xf0843fff]
Mar  6 17:59:36 Workstation kernel: [    0.365140] ACPI: PCI Interrupt Link [LNKA] (IRQs 5 9 10 *11)
Mar  6 17:59:36 Workstation kernel: [    0.365414] ACPI: PCI Interrupt Link [LNKB] (IRQs 5 9 *10 11)
Mar  6 17:59:36 Workstation kernel: [    0.365516] ACPI: PCI Interrupt Link [LNKC] (IRQs 5 *9 10 11)
Mar  6 17:59:36 Workstation kernel: [    0.365625] ACPI: PCI Interrupt Link [LNKD] (IRQs 5 9 10 *11)
Mar  6 17:59:36 Workstation kernel: [    0.365877] iommu: Default domain type: Translated 
Mar  6 17:59:36 Workstation kernel: [    0.365877] SCSI subsystem initialized
Mar  6 17:59:36 Workstation kernel: [    0.365877] libata version 3.00 loaded.
Mar  6 17:59:36 Workstation kernel: [    0.365877] pci 0000:00:02.0: vgaarb: setting as boot VGA device
Mar  6 17:59:36 Workstation kernel: [    0.365877] pci 0000:00:02.0: vgaarb: VGA device added: decodes=io+mem,owns=io+mem,locks=none
Mar  6 17:59:36 Workstation kernel: [    0.365877] pci 0000:00:02.0: vgaarb: bridge control possible
Mar  6 17:59:36 Workstation kernel: [    0.365877] vgaarb: loaded
Mar  6 17:59:36 Workstation kernel: [    0.365877] ACPI: bus type USB registered
Mar  6 17:59:36 Workstation kernel: [    0.365877] usbcore: registered new interface driver usbfs
Mar  6 17:59:36 Workstation kernel: [    0.365877] usbcore: registered new interface driver hub
Mar  6 17:59:36 Workstation kernel: [    0.365877] usbcore: registered new device driver usb
Mar  6 17:59:36 Workstation kernel: [    0.365877] pps_core: LinuxPPS API ver. 1 registered
Mar  6 17:59:36 Workstation kernel: [    0.365877] pps_core: Software ver. 5.3.6 - Copyright 2005-2007 Rodolfo Giometti <giometti@linux.it>
Mar  6 17:59:36 Workstation kernel: [    0.365877] PTP clock support registered
Mar  6 17:59:36 Workstation kernel: [    0.365877] EDAC MC: Ver: 3.0.0
Mar  6 17:59:36 Workstation kernel: [    0.365877] PCI: Using ACPI for IRQ routing
Mar  6 17:59:36 Workstation kernel: [    0.365877] PCI: pci_cache_line_size set to 64 bytes
Mar  6 17:59:36 Workstation kernel: [    0.365877] e820: reserve RAM buffer [mem 0x0009fc00-0x0009ffff]
Mar  6 17:59:36 Workstation kernel: [    0.365877] e820: reserve RAM buffer [mem 0xdfff0000-0xdfffffff]
Mar  6 17:59:36 Workstation kernel: [    0.365877] NetLabel: Initializing
Mar  6 17:59:36 Workstation kernel: [    0.365877] NetLabel:  domain hash size = 128
Mar  6 17:59:36 Workstation kernel: [    0.365877] NetLabel:  protocols = UNLABELED CIPSOv4 CALIPSO
Mar  6 17:59:36 Workstation kernel: [    0.365877] NetLabel:  unlabeled traffic allowed by default
Mar  6 17:59:36 Workstation kernel: [    0.365965] clocksource: Switched to clocksource kvm-clock
Mar  6 17:59:36 Workstation kernel: [    0.376634] *** VALIDATE bpf ***
Mar  6 17:59:36 Workstation kernel: [    0.376688] VFS: Disk quotas dquot_6.6.0
Mar  6 17:59:36 Workstation kernel: [    0.376701] VFS: Dquot-cache hash table entries: 512 (order 0, 4096 bytes)
Mar  6 17:59:36 Workstation kernel: [    0.376722] *** VALIDATE ramfs ***
Mar  6 17:59:36 Workstation kernel: [    0.376724] *** VALIDATE hugetlbfs ***
Mar  6 17:59:36 Workstation kernel: [    0.376793] AppArmor: AppArmor Filesystem Enabled
Mar  6 17:59:36 Workstation kernel: [    0.376823] pnp: PnP ACPI init
Mar  6 17:59:36 Workstation kernel: [    0.376891] pnp 00:00: Plug and Play ACPI device, IDs PNP0303 (active)
Mar  6 17:59:36 Workstation kernel: [    0.376966] pnp 00:01: Plug and Play ACPI device, IDs PNP0f03 (active)
Mar  6 17:59:36 Workstation kernel: [    0.377729] pnp: PnP ACPI: found 2 devices
Mar  6 17:59:36 Workstation kernel: [    0.381965] thermal_sys: Registered thermal governor 'fair_share'
Mar  6 17:59:36 Workstation kernel: [    0.381965] thermal_sys: Registered thermal governor 'bang_bang'
Mar  6 17:59:36 Workstation kernel: [    0.381966] thermal_sys: Registered thermal governor 'step_wise'
Mar  6 17:59:36 Workstation kernel: [    0.381967] thermal_sys: Registered thermal governor 'user_space'
Mar  6 17:59:36 Workstation kernel: [    0.381967] thermal_sys: Registered thermal governor 'power_allocator'
Mar  6 17:59:36 Workstation kernel: [    0.386496] clocksource: acpi_pm: mask: 0xffffff max_cycles: 0xffffff, max_idle_ns: 2085701024 ns
Mar  6 17:59:36 Workstation kernel: [    0.386532] pci_bus 0000:00: resource 4 [io  0x0000-0x0cf7 window]
Mar  6 17:59:36 Workstation kernel: [    0.386533] pci_bus 0000:00: resource 5 [io  0x0d00-0xffff window]
Mar  6 17:59:36 Workstation kernel: [    0.386534] pci_bus 0000:00: resource 6 [mem 0x000a0000-0x000bffff window]
Mar  6 17:59:36 Workstation kernel: [    0.386535] pci_bus 0000:00: resource 7 [mem 0xe0000000-0xfdffffff window]
Mar  6 17:59:36 Workstation kernel: [    0.386591] NET: Registered protocol family 2
Mar  6 17:59:36 Workstation kernel: [    0.386641] IP idents hash table entries: 65536 (order: 7, 524288 bytes, linear)
Mar  6 17:59:36 Workstation kernel: [    0.387076] tcp_listen_portaddr_hash hash table entries: 2048 (order: 3, 32768 bytes, linear)
Mar  6 17:59:36 Workstation kernel: [    0.387093] TCP established hash table entries: 32768 (order: 6, 262144 bytes, linear)
Mar  6 17:59:36 Workstation kernel: [    0.387151] TCP bind hash table entries: 32768 (order: 7, 524288 bytes, linear)
Mar  6 17:59:36 Workstation kernel: [    0.387190] TCP: Hash tables configured (established 32768 bind 32768)
Mar  6 17:59:36 Workstation kernel: [    0.387456] UDP hash table entries: 2048 (order: 4, 65536 bytes, linear)
Mar  6 17:59:36 Workstation kernel: [    0.387466] UDP-Lite hash table entries: 2048 (order: 4, 65536 bytes, linear)
Mar  6 17:59:36 Workstation kernel: [    0.387526] NET: Registered protocol family 1
Mar  6 17:59:36 Workstation kernel: [    0.387535] NET: Registered protocol family 44
Mar  6 17:59:36 Workstation kernel: [    0.387560] pci 0000:00:00.0: Limiting direct PCI/PCI transfers
Mar  6 17:59:36 Workstation kernel: [    0.387570] pci 0000:00:01.0: Activating ISA DMA hang workarounds
Mar  6 17:59:36 Workstation kernel: [    0.387619] pci 0000:00:02.0: Video device with shadowed ROM at [mem 0x000c0000-0x000dffff]
Mar  6 17:59:36 Workstation kernel: [    0.389935] PCI: CLS 0 bytes, default 64
Mar  6 17:59:36 Workstation kernel: [    0.389987] Trying to unpack rootfs image as initramfs...
Mar  6 17:59:36 Workstation kernel: [    0.958665] Freeing initrd memory: 42268K
Mar  6 17:59:36 Workstation kernel: [    0.958688] PCI-DMA: Using software bounce buffering for IO (SWIOTLB)
Mar  6 17:59:36 Workstation kernel: [    0.958689] software IO TLB: mapped [mem 0xdbff0000-0xdfff0000] (64MB)
Mar  6 17:59:36 Workstation kernel: [    0.958771] platform rtc_cmos: registered platform RTC device (no PNP device found)
Mar  6 17:59:36 Workstation kernel: [    0.958797] check: Scanning for low memory corruption every 60 seconds
Mar  6 17:59:36 Workstation kernel: [    0.959325] Initialise system trusted keyrings
Mar  6 17:59:36 Workstation kernel: [    0.959338] Key type blacklist registered
Mar  6 17:59:36 Workstation kernel: [    0.959441] workingset: timestamp_bits=36 max_order=20 bucket_order=0
Mar  6 17:59:36 Workstation kernel: [    0.960772] zbud: loaded
Mar  6 17:59:36 Workstation kernel: [    0.961147] squashfs: version 4.0 (2009/01/31) Phillip Lougher
Mar  6 17:59:36 Workstation kernel: [    0.961442] fuse: init (API version 7.31)
Mar  6 17:59:36 Workstation kernel: [    0.961461] *** VALIDATE fuse ***
Mar  6 17:59:36 Workstation kernel: [    0.961462] *** VALIDATE fuse ***
Mar  6 17:59:36 Workstation kernel: [    0.961642] Platform Keyring initialized
Mar  6 17:59:36 Workstation kernel: [    0.964641] Key type asymmetric registered
Mar  6 17:59:36 Workstation kernel: [    0.964642] Asymmetric key parser 'x509' registered
Mar  6 17:59:36 Workstation kernel: [    0.964651] Block layer SCSI generic (bsg) driver version 0.4 loaded (major 244)
Mar  6 17:59:36 Workstation kernel: [    0.964710] io scheduler mq-deadline registered
Mar  6 17:59:36 Workstation kernel: [    0.965053] shpchp: Standard Hot Plug PCI Controller Driver version: 0.4
Mar  6 17:59:36 Workstation kernel: [    0.965103] intel_idle: Please enable MWAIT in BIOS SETUP
Mar  6 17:59:36 Workstation kernel: [    0.965281] ACPI: AC Adapter [AC] (on-line)
Mar  6 17:59:36 Workstation kernel: [    0.965327] input: Power Button as /devices/LNXSYSTM:00/LNXPWRBN:00/input/input0
Mar  6 17:59:36 Workstation kernel: [    0.965355] ACPI: Power Button [PWRF]
Mar  6 17:59:36 Workstation kernel: [    0.965427] input: Sleep Button as /devices/LNXSYSTM:00/LNXSLPBN:00/input/input1
Mar  6 17:59:36 Workstation kernel: [    0.965444] ACPI: Sleep Button [SLPF]
Mar  6 17:59:36 Workstation kernel: [    0.966986] battery: ACPI: Battery Slot [BAT0] (battery present)
Mar  6 17:59:36 Workstation kernel: [    0.967054] Serial: 8250/16550 driver, 32 ports, IRQ sharing enabled
Mar  6 17:59:36 Workstation kernel: [    0.970289] Linux agpgart interface v0.103
Mar  6 17:59:36 Workstation kernel: [    1.253997] loop: module loaded
Mar  6 17:59:36 Workstation kernel: [    1.254308] ata_piix 0000:00:01.1: version 2.13
Mar  6 17:59:36 Workstation kernel: [    1.254901] scsi host0: ata_piix
Mar  6 17:59:36 Workstation kernel: [    1.255272] scsi host1: ata_piix
Mar  6 17:59:36 Workstation kernel: [    1.255315] ata1: PATA max UDMA/33 cmd 0x1f0 ctl 0x3f6 bmdma 0xd000 irq 14
Mar  6 17:59:36 Workstation kernel: [    1.255316] ata2: PATA max UDMA/33 cmd 0x170 ctl 0x376 bmdma 0xd008 irq 15
Mar  6 17:59:36 Workstation kernel: [    1.255412] libphy: Fixed MDIO Bus: probed
Mar  6 17:59:36 Workstation kernel: [    1.255413] tun: Universal TUN/TAP device driver, 1.6
Mar  6 17:59:36 Workstation kernel: [    1.255492] PPP generic driver version 2.4.2
Mar  6 17:59:36 Workstation kernel: [    1.256103] VFIO - User Level meta-driver version: 0.3
Mar  6 17:59:36 Workstation kernel: [    1.256309] ehci_hcd: USB 2.0 'Enhanced' Host Controller (EHCI) Driver
Mar  6 17:59:36 Workstation kernel: [    1.256313] ehci-pci: EHCI PCI platform driver
Mar  6 17:59:36 Workstation kernel: [    1.257037] ehci-pci 0000:00:0b.0: EHCI Host Controller
Mar  6 17:59:36 Workstation kernel: [    1.257042] ehci-pci 0000:00:0b.0: new USB bus registered, assigned bus number 1
Mar  6 17:59:36 Workstation kernel: [    1.257300] ehci-pci 0000:00:0b.0: irq 19, io mem 0xf0840000
Mar  6 17:59:36 Workstation kernel: [    1.275195] ehci-pci 0000:00:0b.0: USB 2.0 started, EHCI 1.00
Mar  6 17:59:36 Workstation kernel: [    1.275253] usb usb1: New USB device found, idVendor=1d6b, idProduct=0002, bcdDevice= 5.04
Mar  6 17:59:36 Workstation kernel: [    1.275255] usb usb1: New USB device strings: Mfr=3, Product=2, SerialNumber=1
Mar  6 17:59:36 Workstation kernel: [    1.275256] usb usb1: Product: EHCI Host Controller
Mar  6 17:59:36 Workstation kernel: [    1.275257] usb usb1: Manufacturer: Linux 5.4.0-84-generic ehci_hcd
Mar  6 17:59:36 Workstation kernel: [    1.275258] usb usb1: SerialNumber: 0000:00:0b.0
Mar  6 17:59:36 Workstation kernel: [    1.275440] hub 1-0:1.0: USB hub found
Mar  6 17:59:36 Workstation kernel: [    1.275444] hub 1-0:1.0: 12 ports detected
Mar  6 17:59:36 Workstation kernel: [    1.275689] ehci-platform: EHCI generic platform driver
Mar  6 17:59:36 Workstation kernel: [    1.275701] ohci_hcd: USB 1.1 'Open' Host Controller (OHCI) Driver
Mar  6 17:59:36 Workstation kernel: [    1.275704] ohci-pci: OHCI PCI platform driver
Mar  6 17:59:36 Workstation kernel: [    1.276429] ohci-pci 0000:00:06.0: OHCI PCI host controller
Mar  6 17:59:36 Workstation kernel: [    1.276436] ohci-pci 0000:00:06.0: new USB bus registered, assigned bus number 2
Mar  6 17:59:36 Workstation kernel: [    1.276533] ohci-pci 0000:00:06.0: irq 22, io mem 0xf0804000
Mar  6 17:59:36 Workstation kernel: [    1.410383] usb usb2: New USB device found, idVendor=1d6b, idProduct=0001, bcdDevice= 5.04
Mar  6 17:59:36 Workstation kernel: [    1.410385] usb usb2: New USB device strings: Mfr=3, Product=2, SerialNumber=1
Mar  6 17:59:36 Workstation kernel: [    1.410386] usb usb2: Product: OHCI PCI host controller
Mar  6 17:59:36 Workstation kernel: [    1.410388] usb usb2: Manufacturer: Linux 5.4.0-84-generic ohci_hcd
Mar  6 17:59:36 Workstation kernel: [    1.410389] usb usb2: SerialNumber: 0000:00:06.0
Mar  6 17:59:36 Workstation kernel: [    1.410519] hub 2-0:1.0: USB hub found
Mar  6 17:59:36 Workstation kernel: [    1.410540] hub 2-0:1.0: 12 ports detected
Mar  6 17:59:36 Workstation kernel: [    1.410965] ohci-platform: OHCI generic platform driver
Mar  6 17:59:36 Workstation kernel: [    1.410977] uhci_hcd: USB Universal Host Controller Interface driver
Mar  6 17:59:36 Workstation kernel: [    1.411058] i8042: PNP: PS/2 Controller [PNP0303:PS2K,PNP0f03:PS2M] at 0x60,0x64 irq 1,12
Mar  6 17:59:36 Workstation kernel: [    1.411616] serio: i8042 KBD port at 0x60,0x64 irq 1
Mar  6 17:59:36 Workstation kernel: [    1.411621] serio: i8042 AUX port at 0x60,0x64 irq 12
Mar  6 17:59:36 Workstation kernel: [    1.411744] mousedev: PS/2 mouse device common for all mice
Mar  6 17:59:36 Workstation kernel: [    1.412435] input: AT Translated Set 2 keyboard as /devices/platform/i8042/serio0/input/input2
Mar  6 17:59:36 Workstation kernel: [    1.412650] rtc_cmos rtc_cmos: registered as rtc0
Mar  6 17:59:36 Workstation kernel: [    1.412662] rtc_cmos rtc_cmos: alarms up to one day, 114 bytes nvram
Mar  6 17:59:36 Workstation kernel: [    1.412669] i2c /dev entries driver
Mar  6 17:59:36 Workstation kernel: [    1.412725] device-mapper: uevent: version 1.0.3
Mar  6 17:59:36 Workstation kernel: [    1.412826] device-mapper: ioctl: 4.41.0-ioctl (2019-09-16) initialised: dm-devel@redhat.com
Mar  6 17:59:36 Workstation kernel: [    1.412855] platform eisa.0: Probing EISA bus 0
Mar  6 17:59:36 Workstation kernel: [    1.412857] platform eisa.0: EISA: Cannot allocate resource for mainboard
Mar  6 17:59:36 Workstation kernel: [    1.412858] platform eisa.0: Cannot allocate resource for EISA slot 1
Mar  6 17:59:36 Workstation kernel: [    1.412859] platform eisa.0: Cannot allocate resource for EISA slot 2
Mar  6 17:59:36 Workstation kernel: [    1.412860] platform eisa.0: Cannot allocate resource for EISA slot 3
Mar  6 17:59:36 Workstation kernel: [    1.412861] platform eisa.0: Cannot allocate resource for EISA slot 4
Mar  6 17:59:36 Workstation kernel: [    1.412862] platform eisa.0: Cannot allocate resource for EISA slot 5
Mar  6 17:59:36 Workstation kernel: [    1.412863] platform eisa.0: Cannot allocate resource for EISA slot 6
Mar  6 17:59:36 Workstation kernel: [    1.412865] platform eisa.0: Cannot allocate resource for EISA slot 7
Mar  6 17:59:36 Workstation kernel: [    1.412866] platform eisa.0: Cannot allocate resource for EISA slot 8
Mar  6 17:59:36 Workstation kernel: [    1.412867] platform eisa.0: EISA: Detected 0 cards
Mar  6 17:59:36 Workstation kernel: [    1.412871] intel_pstate: CPU model not supported
Mar  6 17:59:36 Workstation kernel: [    1.413078] ledtrig-cpu: registered to indicate activity on CPUs
Mar  6 17:59:36 Workstation kernel: [    1.413199] intel_pmc_core intel_pmc_core.0:  initialized
Mar  6 17:59:36 Workstation kernel: [    1.413269] drop_monitor: Initializing network drop monitor service
Mar  6 17:59:36 Workstation kernel: [    1.413450] NET: Registered protocol family 10
Mar  6 17:59:36 Workstation kernel: [    1.425364] ata2.00: ATAPI: VBOX CD-ROM, 1.0, max UDMA/133
Mar  6 17:59:36 Workstation kernel: [    1.426258] scsi 1:0:0:0: CD-ROM            VBOX     CD-ROM           1.0  PQ: 0 ANSI: 5
Mar  6 17:59:36 Workstation kernel: [    1.429006] Segment Routing with IPv6
Mar  6 17:59:36 Workstation kernel: [    1.429035] NET: Registered protocol family 17
Mar  6 17:59:36 Workstation kernel: [    1.429968] Key type dns_resolver registered
Mar  6 17:59:36 Workstation kernel: [    1.430302] RAS: Correctable Errors collector initialized.
Mar  6 17:59:36 Workstation kernel: [    1.430315] IPI shorthand broadcast: enabled
Mar  6 17:59:36 Workstation kernel: [    1.430325] sched_clock: Marking stable (1420721628, 9506732)->(1434570041, -4341681)
Mar  6 17:59:36 Workstation kernel: [    1.430450] registered taskstats version 1
Mar  6 17:59:36 Workstation kernel: [    1.430459] Loading compiled-in X.509 certificates
Mar  6 17:59:36 Workstation kernel: [    1.431284] Loaded X.509 cert 'Build time autogenerated kernel key: 2e5a5cfcbde5ccff8872bb2bdda0161154af6a9e'
Mar  6 17:59:36 Workstation kernel: [    1.431885] Loaded X.509 cert 'Canonical Ltd. Live Patch Signing: 14df34d1a87cf37625abec039ef2bf521249b969'
Mar  6 17:59:36 Workstation kernel: [    1.432515] Loaded X.509 cert 'Canonical Ltd. Kernel Module Signing: 88f752e560a1e0737e31163a466ad7b70a850c19'
Mar  6 17:59:36 Workstation kernel: [    1.432820] zswap: loaded using pool lzo/zbud
Mar  6 17:59:36 Workstation kernel: [    1.432983] Key type ._fscrypt registered
Mar  6 17:59:36 Workstation kernel: [    1.432983] Key type .fscrypt registered
Mar  6 17:59:36 Workstation kernel: [    1.436631] Key type big_key registered
Mar  6 17:59:36 Workstation kernel: [    1.438394] Key type encrypted registered
Mar  6 17:59:36 Workstation kernel: [    1.438397] AppArmor: AppArmor sha1 policy hashing enabled
Mar  6 17:59:36 Workstation kernel: [    1.438403] ima: No TPM chip found, activating TPM-bypass!
Mar  6 17:59:36 Workstation kernel: [    1.438409] ima: Allocated hash algorithm: sha1
Mar  6 17:59:36 Workstation kernel: [    1.438414] ima: No architecture policies found
Mar  6 17:59:36 Workstation kernel: [    1.438426] evm: Initialising EVM extended attributes:
Mar  6 17:59:36 Workstation kernel: [    1.438427] evm: security.selinux
Mar  6 17:59:36 Workstation kernel: [    1.438427] evm: security.SMACK64
Mar  6 17:59:36 Workstation kernel: [    1.438428] evm: security.SMACK64EXEC
Mar  6 17:59:36 Workstation kernel: [    1.438428] evm: security.SMACK64TRANSMUTE
Mar  6 17:59:36 Workstation kernel: [    1.438429] evm: security.SMACK64MMAP
Mar  6 17:59:36 Workstation kernel: [    1.438429] evm: security.apparmor
Mar  6 17:59:36 Workstation kernel: [    1.438429] evm: security.ima
Mar  6 17:59:36 Workstation kernel: [    1.438430] evm: security.capability
Mar  6 17:59:36 Workstation kernel: [    1.438431] evm: HMAC attrs: 0x1
Mar  6 17:59:36 Workstation kernel: [    1.438734] PM:   Magic number: 0:826:979
Mar  6 17:59:36 Workstation kernel: [    1.438784] memory memory26: hash matches
Mar  6 17:59:36 Workstation kernel: [    1.438912] rtc_cmos rtc_cmos: setting system clock to 2024-03-06T09:59:34 UTC (1709719174)
Mar  6 17:59:36 Workstation kernel: [    1.458304] sr 1:0:0:0: [sr0] scsi3-mmc drive: 32x/32x xa/form2 tray
Mar  6 17:59:36 Workstation kernel: [    1.458306] cdrom: Uniform CD-ROM driver Revision: 3.20
Mar  6 17:59:36 Workstation kernel: [    1.485332] sr 1:0:0:0: Attached scsi CD-ROM sr0
Mar  6 17:59:36 Workstation kernel: [    1.485545] sr 1:0:0:0: Attached scsi generic sg0 type 5
Mar  6 17:59:36 Workstation kernel: [    1.487285] Freeing unused decrypted memory: 2040K
Mar  6 17:59:36 Workstation kernel: [    1.487836] Freeing unused kernel image memory: 2716K
Mar  6 17:59:36 Workstation kernel: [    1.505858] Write protecting the kernel read-only data: 22528k
Mar  6 17:59:36 Workstation kernel: [    1.506826] Freeing unused kernel image memory: 2008K
Mar  6 17:59:36 Workstation kernel: [    1.507207] Freeing unused kernel image memory: 1160K
Mar  6 17:59:36 Workstation kernel: [    1.517484] x86/mm: Checked W+X mappings: passed, no W+X pages found.
Mar  6 17:59:36 Workstation kernel: [    1.517488] Run /init as init process
Mar  6 17:59:36 Workstation kernel: [    1.566728] ACPI: Video Device [GFX0] (multi-head: yes  rom: no  post: no)
Mar  6 17:59:36 Workstation kernel: [    1.566808] input: Video Bus as /devices/LNXSYSTM:00/LNXSYBUS:00/PNP0A03:00/LNXVIDEO:00/input/input4
Mar  6 17:59:36 Workstation kernel: [    1.575604] e1000: Intel(R) PRO/1000 Network Driver - version 7.3.21-k8-NAPI
Mar  6 17:59:36 Workstation kernel: [    1.575606] e1000: Copyright (c) 1999-2006 Intel Corporation.
Mar  6 17:59:36 Workstation kernel: [    1.575627] ahci 0000:00:0d.0: version 3.0
Mar  6 17:59:36 Workstation kernel: [    1.577077] ahci 0000:00:0d.0: SSS flag set, parallel bus scan disabled
Mar  6 17:59:36 Workstation kernel: [    1.577263] ahci 0000:00:0d.0: AHCI 0001.0100 32 slots 1 ports 3 Gbps 0x1 impl SATA mode
Mar  6 17:59:36 Workstation kernel: [    1.577265] ahci 0000:00:0d.0: flags: 64bit ncq stag only ccc 
Mar  6 17:59:36 Workstation kernel: [    1.579375] piix4_smbus 0000:00:07.0: SMBus Host Controller at 0x4100, revision 0
Mar  6 17:59:36 Workstation kernel: [    1.580594] scsi host2: ahci
Mar  6 17:59:36 Workstation kernel: [    1.580672] ata3: SATA max UDMA/133 abar m8192@0xf0842000 port 0xf0842100 irq 21
Mar  6 17:59:36 Workstation kernel: [    1.797776] input: ImExPS/2 Generic Explorer Mouse as /devices/platform/i8042/serio1/input/input5
Mar  6 17:59:36 Workstation kernel: [    1.845184] usb 2-1: new full-speed USB device number 2 using ohci-pci
Mar  6 17:59:36 Workstation kernel: [    1.896750] ata3: SATA link up 3.0 Gbps (SStatus 123 SControl 300)
Mar  6 17:59:36 Workstation kernel: [    1.896849] ata3.00: ATA-6: VBOX HARDDISK, 1.0, max UDMA/133
Mar  6 17:59:36 Workstation kernel: [    1.896851] ata3.00: 20971520 sectors, multi 128: LBA48 NCQ (depth 32)
Mar  6 17:59:36 Workstation kernel: [    1.897025] ata3.00: configured for UDMA/133
Mar  6 17:59:36 Workstation kernel: [    1.897234] scsi 2:0:0:0: Direct-Access     ATA      VBOX HARDDISK    1.0  PQ: 0 ANSI: 5
Mar  6 17:59:36 Workstation kernel: [    1.897476] sd 2:0:0:0: Attached scsi generic sg1 type 0
Mar  6 17:59:36 Workstation kernel: [    1.897486] sd 2:0:0:0: [sda] 20971520 512-byte logical blocks: (10.7 GB/10.0 GiB)
Mar  6 17:59:36 Workstation kernel: [    1.897493] sd 2:0:0:0: [sda] Write Protect is off
Mar  6 17:59:36 Workstation kernel: [    1.897495] sd 2:0:0:0: [sda] Mode Sense: 00 3a 00 00
Mar  6 17:59:36 Workstation kernel: [    1.897505] sd 2:0:0:0: [sda] Write cache: enabled, read cache: enabled, doesn't support DPO or FUA
Mar  6 17:59:36 Workstation kernel: [    1.926534]  sda: sda1
Mar  6 17:59:36 Workstation kernel: [    1.941280] sd 2:0:0:0: [sda] Attached SCSI disk
Mar  6 17:59:36 Workstation kernel: [    1.965288] e1000 0000:00:03.0 eth0: (PCI:33MHz:32-bit) 08:00:27:01:7b:11
Mar  6 17:59:36 Workstation kernel: [    1.965293] e1000 0000:00:03.0 eth0: Intel(R) PRO/1000 Network Connection
Mar  6 17:59:36 Workstation kernel: [    2.161823] usb 2-1: New USB device found, idVendor=80ee, idProduct=0021, bcdDevice= 1.00
Mar  6 17:59:36 Workstation kernel: [    2.161826] usb 2-1: New USB device strings: Mfr=1, Product=3, SerialNumber=0
Mar  6 17:59:36 Workstation kernel: [    2.161827] usb 2-1: Product: USB Tablet
Mar  6 17:59:36 Workstation kernel: [    2.161829] usb 2-1: Manufacturer: VirtualBox
Mar  6 17:59:36 Workstation kernel: [    2.169549] hidraw: raw HID events driver (C) Jiri Kosina
Mar  6 17:59:36 Workstation kernel: [    2.184402] usbcore: registered new interface driver usbhid
Mar  6 17:59:36 Workstation kernel: [    2.184403] usbhid: USB HID core driver
Mar  6 17:59:36 Workstation kernel: [    2.186167] input: VirtualBox USB Tablet as /devices/pci0000:00/0000:00:06.0/usb2/2-1/2-1:1.0/0003:80EE:0021.0001/input/input6
Mar  6 17:59:36 Workstation kernel: [    2.186684] hid-generic 0003:80EE:0021.0001: input,hidraw0: USB HID v1.10 Mouse [VirtualBox USB Tablet] on usb-0000:00:06.0-1/input0
Mar  6 17:59:36 Workstation kernel: [    2.454113] e1000 0000:00:08.0 eth1: (PCI:33MHz:32-bit) 08:00:27:e9:ef:f5
Mar  6 17:59:36 Workstation kernel: [    2.454120] e1000 0000:00:08.0 eth1: Intel(R) PRO/1000 Network Connection
Mar  6 17:59:36 Workstation kernel: [    2.456136] e1000 0000:00:08.0 enp0s8: renamed from eth1
Mar  6 17:59:36 Workstation kernel: [    2.474683] e1000 0000:00:03.0 enp0s3: renamed from eth0
Mar  6 17:59:36 Workstation kernel: [    2.554001] EXT4-fs (sda1): mounted filesystem with ordered data mode. Opts: (null)
Mar  6 17:59:36 Workstation kernel: [    2.652568] systemd[1]: systemd 237 running in system mode. (+PAM +AUDIT +SELINUX +IMA +APPARMOR +SMACK +SYSVINIT +UTMP +LIBCRYPTSETUP +GCRYPT +GNUTLS +ACL +XZ +LZ4 +SECCOMP +BLKID +ELFUTILS +KMOD -IDN2 +IDN -PCRE2 default-hierarchy=hybrid)
Mar  6 17:59:36 Workstation kernel: [    2.652594] systemd[1]: Detected virtualization oracle.
Mar  6 17:59:36 Workstation kernel: [    2.652597] systemd[1]: Detected architecture x86-64.
Mar  6 17:59:36 Workstation kernel: [    2.670542] systemd[1]: Set hostname to <Workstation>.
Mar  6 17:59:36 Workstation kernel: [    2.672285] systemd[1]: Initializing machine ID from random generator.
Mar  6 17:59:36 Workstation kernel: [    2.672333] systemd[1]: Installed transient /etc/machine-id file.
Mar  6 17:59:36 Workstation kernel: [    2.773809] systemd[1]: Started Forward Password Requests to Wall Directory Watch.
Mar  6 17:59:36 Workstation kernel: [    2.773977] systemd[1]: Created slice System Slice.
Mar  6 17:59:36 Workstation kernel: [    2.773996] systemd[1]: Reached target Remote File Systems.
Mar  6 17:59:36 Workstation kernel: [    2.774042] systemd[1]: Listening on /dev/initctl Compatibility Named Pipe.
Mar  6 17:59:36 Workstation kernel: [    2.787779] EXT4-fs (sda1): re-mounted. Opts: errors=remount-ro
Mar  6 17:59:36 Workstation kernel: [    2.827520] lp: driver loaded but no devices found
Mar  6 17:59:36 Workstation kernel: [    2.829337] Adding 483800k swap on /swapfile.  Priority:-2 extents:2 across:491992k FS
Mar  6 17:59:36 Workstation kernel: [    2.833512] ppdev: user-space parallel port driver
Mar  6 17:59:36 Workstation kernel: [    2.845947] systemd-journald[264]: Received request to flush runtime journal from PID 1
Mar  6 17:59:36 Workstation kernel: [    3.025981] audit: type=1400 audit(1709719176.084:2): apparmor="STATUS" operation="profile_load" profile="unconfined" name="/usr/lib/snapd/snap-confine" pid=382 comm="apparmor_parser"
Mar  6 17:59:36 Workstation kernel: [    3.025985] audit: type=1400 audit(1709719176.084:3): apparmor="STATUS" operation="profile_load" profile="unconfined" name="/usr/lib/snapd/snap-confine//mount-namespace-capture-helper" pid=382 comm="apparmor_parser"
Mar  6 17:59:36 Workstation kernel: [    3.028097] audit: type=1400 audit(1709719176.084:4): apparmor="STATUS" operation="profile_load" profile="unconfined" name="/usr/bin/man" pid=381 comm="apparmor_parser"
Mar  6 17:59:36 Workstation kernel: [    3.028101] audit: type=1400 audit(1709719176.084:5): apparmor="STATUS" operation="profile_load" profile="unconfined" name="man_filter" pid=381 comm="apparmor_parser"
Mar  6 17:59:36 Workstation kernel: [    3.028103] audit: type=1400 audit(1709719176.084:6): apparmor="STATUS" operation="profile_load" profile="unconfined" name="man_groff" pid=381 comm="apparmor_parser"
Mar  6 17:59:36 Workstation kernel: [    3.037514] vboxguest: loading out-of-tree module taints kernel.
Mar  6 17:59:36 Workstation kernel: [    3.039867] audit: type=1400 audit(1709719176.096:7): apparmor="STATUS" operation="profile_load" profile="unconfined" name="/usr/sbin/cups-browsed" pid=384 comm="apparmor_parser"
Mar  6 17:59:36 Workstation kernel: [    3.041288] audit: type=1400 audit(1709719176.096:8): apparmor="STATUS" operation="profile_load" profile="unconfined" name="/usr/lib/cups/backend/cups-pdf" pid=385 comm="apparmor_parser"
Mar  6 17:59:36 Workstation kernel: [    3.041291] audit: type=1400 audit(1709719176.096:9): apparmor="STATUS" operation="profile_load" profile="unconfined" name="/usr/sbin/cupsd" pid=385 comm="apparmor_parser"
Mar  6 17:59:36 Workstation kernel: [    3.041293] audit: type=1400 audit(1709719176.096:10): apparmor="STATUS" operation="profile_load" profile="unconfined" name="/usr/sbin/cupsd//third_party" pid=385 comm="apparmor_parser"
Mar  6 17:59:36 Workstation kernel: [    3.062417] vgdrvHeartbeatInit: Setting up heartbeat to trigger every 2000 milliseconds
Mar  6 17:59:36 Workstation kernel: [    3.062610] input: Unspecified device as /devices/pci0000:00/0000:00:04.0/input/input7
Mar  6 17:59:36 Workstation kernel: [    3.073938] vboxguest: Successfully loaded version 6.1.22_Ubuntu r144080
Mar  6 17:59:36 Workstation kernel: [    3.073991] vboxguest: misc device minor 58, IRQ 20, I/O port d040, MMIO at 00000000f0400000 (size 0x400000)
Mar  6 17:59:36 Workstation kernel: [    3.073993] vboxguest: Successfully loaded version 6.1.22_Ubuntu r144080 (interface 0x00010004)
Mar  6 17:59:36 Workstation systemd-modules-load[256]: Inserted module 'lp'
Mar  6 17:59:36 Workstation systemd[1]: Starting Flush Journal to Persistent Storage...
Mar  6 17:59:36 Workstation systemd-modules-load[256]: Inserted module 'ppdev'
Mar  6 17:59:36 Workstation systemd-modules-load[256]: Inserted module 'parport_pc'
Mar  6 17:59:36 Workstation systemd[1]: Started Load Kernel Modules.
Mar  6 17:59:36 Workstation systemd[1]: Mounting Kernel Configuration File System...
Mar  6 17:59:36 Workstation systemd[1]: Starting Apply Kernel Variables...
Mar  6 17:59:36 Workstation systemd[1]: Mounting FUSE Control File System...
Mar  6 17:59:36 Workstation systemd[1]: Mounted Kernel Configuration File System.
Mar  6 17:59:36 Workstation systemd[1]: Mounted FUSE Control File System.
Mar  6 17:59:36 Workstation systemd[1]: Started Apply Kernel Variables.
Mar  6 17:59:36 Workstation systemd[1]: Started Set the console keyboard layout.
Mar  6 17:59:36 Workstation systemd[1]: Reached target Local File Systems (Pre).
Mar  6 17:59:36 Workstation systemd[1]: Reached target Local File Systems.
Mar  6 17:59:36 Workstation systemd[1]: Starting Clean up any mess left by 0dns-up...
Mar  6 17:59:36 Workstation systemd[1]: Starting AppArmor initialization...
Mar  6 17:59:36 Workstation systemd[1]: Starting Set console font and keymap...
Mar  6 17:59:36 Workstation systemd[1]: Starting Commit a transient machine-id on disk...
Mar  6 17:59:36 Workstation systemd[1]: Starting Tell Plymouth To Write Out Runtime Data...
Mar  6 17:59:36 Workstation systemd[1]: Started Flush Journal to Persistent Storage.
Mar  6 17:59:36 Workstation systemd[1]: Starting Create Volatile Files and Directories...
Mar  6 17:59:36 Workstation systemd[1]: Started Set console font and keymap.
Mar  6 17:59:36 Workstation systemd[1]: Started Commit a transient machine-id on disk.
Mar  6 17:59:36 Workstation systemd[1]: Started Tell Plymouth To Write Out Runtime Data.
Mar  6 17:59:36 Workstation systemd[1]: Started Create Volatile Files and Directories.
Mar  6 17:59:36 Workstation systemd[1]: Starting Network Name Resolution...
Mar  6 17:59:36 Workstation systemd[1]: Starting Network Time Synchronization...
Mar  6 17:59:36 Workstation systemd[1]: Starting Update UTMP about System Boot/Shutdown...
Mar  6 17:59:36 Workstation systemd[1]: Started udev Kernel Device Manager.
Mar  6 17:59:36 Workstation systemd[1]: Started Clean up any mess left by 0dns-up.
Mar  6 17:59:36 Workstation systemd[1]: Starting Show Plymouth Boot Screen...
Mar  6 17:59:36 Workstation apparmor[289]:  * Starting AppArmor profiles
Mar  6 17:59:36 Workstation systemd[1]: Started Update UTMP about System Boot/Shutdown.
Mar  6 17:59:36 Workstation systemd[1]: Started Show Plymouth Boot Screen.
Mar  6 17:59:36 Workstation systemd[1]: Reached target Local Encrypted Volumes.
Mar  6 17:59:36 Workstation systemd[1]: Started Forward Password Requests to Plymouth Directory Watch.
Mar  6 17:59:36 Workstation systemd-resolved[306]: Positive Trust Anchors:
Mar  6 17:59:36 Workstation systemd-resolved[306]: . IN DS 19036 8 2 49aac11d7b6f6446702e54a1607371607a1a41855200fd2ce1cdde32f24e8fb5
Mar  6 17:59:36 Workstation systemd-resolved[306]: . IN DS 20326 8 2 e06d44b80b8f1d39a95c0b0d7c65d08458e880409bbc683457104237c7f8ec8d
Mar  6 17:59:36 Workstation systemd-resolved[306]: Negative trust anchors: 10.in-addr.arpa 16.172.in-addr.arpa 17.172.in-addr.arpa 18.172.in-addr.arpa 19.172.in-addr.arpa 20.172.in-addr.arpa 21.172.in-addr.arpa 22.172.in-addr.arpa 23.172.in-addr.arpa 24.172.in-addr.arpa 25.172.in-addr.arpa 26.172.in-addr.arpa 27.172.in-addr.arpa 28.172.in-addr.arpa 29.172.in-addr.arpa 30.172.in-addr.arpa 31.172.in-addr.arpa 168.192.in-addr.arpa d.f.ip6.arpa corp home internal intranet lan local private test
Mar  6 17:59:36 Workstation systemd-resolved[306]: Using system hostname 'Workstation'.
Mar  6 17:59:36 Workstation systemd[1]: Started Network Name Resolution.
Mar  6 17:59:36 Workstation systemd[1]: Reached target Host and Network Name Lookups.
Mar  6 17:59:36 Workstation systemd[1]: Started Network Time Synchronization.
Mar  6 17:59:36 Workstation systemd[1]: Reached target System Time Synchronized.
Mar  6 17:59:36 Workstation apparmor[289]: Skipping profile in /etc/apparmor.d/disable: usr.bin.firefox
Mar  6 17:59:36 Workstation apparmor[289]: Skipping profile in /etc/apparmor.d/disable: usr.sbin.rsyslogd
Mar  6 17:59:36 Workstation systemd-udevd[314]: link_config: autonegotiation is unset or enabled, the speed and duplex are not writable.
Mar  6 17:59:36 Workstation systemd-udevd[323]: link_config: autonegotiation is unset or enabled, the speed and duplex are not writable.
Mar  6 17:59:36 Workstation apparmor[289]:    ...done.
Mar  6 17:59:36 Workstation systemd[1]: Started AppArmor initialization.
Mar  6 17:59:36 Workstation systemd[1]: Starting Load AppArmor profiles managed internally by snapd...
Mar  6 17:59:36 Workstation systemd[1]: Starting Raise network interfaces...
Mar  6 17:59:36 Workstation snapd-apparmor[398]: find: /var/lib/snapd/apparmor/profiles/: No such file or directory
Mar  6 17:59:36 Workstation mtp-probe: checking bus 2, device 2: "/sys/devices/pci0000:00/0000:00:06.0/usb2/2-1"
Mar  6 17:59:36 Workstation systemd[1]: Started Load AppArmor profiles managed internally by snapd.
Mar  6 17:59:36 Workstation systemd[1]: Reached target System Initialization.
Mar  6 17:59:36 Workstation systemd[1]: Listening on UUID daemon activation socket.
Mar  6 17:59:36 Workstation systemd[1]: Started CUPS Scheduler.
Mar  6 17:59:36 Workstation systemd[1]: Listening on D-Bus System Message Bus Socket.
Mar  6 17:59:36 Workstation mtp-probe: bus: 2, device: 2 was not an MTP device
Mar  6 17:59:36 Workstation systemd[1]: Starting Socket activation for snappy daemon.
Mar  6 17:59:36 Workstation systemd[1]: Listening on CUPS Scheduler.
Mar  6 17:59:36 Workstation systemd[1]: Started Daily Cleanup of Temporary Directories.
Mar  6 17:59:36 Workstation systemd[1]: Listening on Avahi mDNS/DNS-SD Stack Activation Socket.
Mar  6 17:59:36 Workstation systemd[1]: Started Trigger anacron every hour.
Mar  6 17:59:36 Workstation systemd[1]: Started Daily apt download activities.
Mar  6 17:59:36 Workstation systemd[1]: Started Daily apt upgrade and clean activities.
Mar  6 17:59:36 Workstation systemd[1]: Started ACPI Events Check.
Mar  6 17:59:36 Workstation systemd[1]: Reached target Paths.
Mar  6 17:59:36 Workstation systemd[1]: Started Discard unused blocks once a week.
Mar  6 17:59:36 Workstation systemd[1]: Started Ubuntu Advantage update messaging.
Mar  6 17:59:36 Workstation systemd[1]: Listening on ACPID Listen Socket.
Mar  6 17:59:36 Workstation systemd[1]: Started Message of the Day.
Mar  6 17:59:36 Workstation systemd[1]: Reached target Timers.
Mar  6 17:59:36 Workstation systemd[1]: Listening on Socket activation for snappy daemon.
Mar  6 17:59:36 Workstation systemd[1]: Reached target Sockets.
Mar  6 17:59:36 Workstation systemd[1]: Reached target Basic System.
Mar  6 17:59:36 Workstation systemd[1]: Started Regular background program processing daemon.
Mar  6 17:59:36 Workstation systemd[1]: Starting LSB: automatic crash report generation...
Mar  6 17:59:36 Workstation systemd[1]: Started Run anacron jobs.
Mar  6 17:59:36 Workstation cron[418]: (CRON) INFO (pidfile fd = 3)
Mar  6 17:59:36 Workstation systemd[1]: Started CUPS Scheduler.
Mar  6 17:59:36 Workstation systemd[1]: Starting System Logging Service...
Mar  6 17:59:36 Workstation cron[418]: (CRON) INFO (Running @reboot jobs)
Mar  6 17:59:36 Workstation systemd[1]: Starting Login Service...
Mar  6 17:59:36 Workstation systemd[1]: Starting Avahi mDNS/DNS-SD Stack...
Mar  6 17:59:36 Workstation systemd[1]: Starting Dispatcher daemon for systemd-networkd...
Mar  6 17:59:36 Workstation anacron[420]: Anacron 2.3 started on 2024-03-06
Mar  6 17:59:36 Workstation anacron[420]: Will run job `cron.daily' in 5 min.
Mar  6 17:59:36 Workstation anacron[420]: Will run job `cron.weekly' in 10 min.
Mar  6 17:59:36 Workstation systemd[1]: Started ACPI event daemon.
Mar  6 17:59:36 Workstation anacron[420]: Will run job `cron.monthly' in 15 min.
Mar  6 17:59:36 Workstation anacron[420]: Jobs will be executed sequentially
Mar  6 17:59:36 Workstation systemd[1]: Starting LSB: Speech Dispatcher...
Mar  6 17:59:36 Workstation avahi-daemon[430]: Found user 'avahi' (UID 115) and group 'avahi' (GID 120).
Mar  6 17:59:36 Workstation avahi-daemon[430]: Successfully dropped root privileges.
Mar  6 17:59:36 Workstation systemd[1]: Started D-Bus System Message Bus.
Mar  6 17:59:36 Workstation avahi-daemon[430]: avahi-daemon 0.7 starting up.
Mar  6 17:59:36 Workstation rsyslogd: imuxsock: Acquired UNIX socket '/run/systemd/journal/syslog' (fd 3) from systemd.  [v8.32.0]
Mar  6 17:59:36 Workstation rsyslogd: rsyslogd's groupid changed to 106
Mar  6 17:59:36 Workstation rsyslogd: rsyslogd's userid changed to 102
Mar  6 17:59:36 Workstation rsyslogd:  [origin software="rsyslogd" swVersion="8.32.0" x-pid="424" x-info="http://www.rsyslog.com"] start
Mar  6 17:59:36 Workstation dbus-daemon[440]: dbus[440]: Unknown group "power" in message bus configuration file
Mar  6 17:59:36 Workstation dbus-daemon[440]: [system] AppArmor D-Bus mediation is enabled
Mar  6 17:59:36 Workstation dbus-daemon[440]: [system] Successfully activated service 'org.freedesktop.systemd1'
Mar  6 17:59:36 Workstation systemd[1]: Started Login Service.
Mar  6 17:59:36 Workstation avahi-daemon[430]: Successfully called chroot().
Mar  6 17:59:36 Workstation systemd[1]: Starting Network Manager...
Mar  6 17:59:36 Workstation avahi-daemon[430]: Successfully dropped remaining capabilities.
Mar  6 17:59:36 Workstation systemd[1]: Starting Detect the available GPUs and deal with any system changes...
Mar  6 17:59:36 Workstation avahi-daemon[430]: No service file found in /etc/avahi/services.
Mar  6 17:59:36 Workstation systemd[1]: Reached target Login Prompts.
Mar  6 17:59:36 Workstation avahi-daemon[430]: Joining mDNS multicast group on interface lo.IPv6 with address ::1.
Mar  6 17:59:36 Workstation avahi-daemon[430]: New relevant interface lo.IPv6 for mDNS.
Mar  6 17:59:36 Workstation avahi-daemon[430]: Joining mDNS multicast group on interface lo.IPv4 with address 127.0.0.1.
Mar  6 17:59:36 Workstation avahi-daemon[430]: New relevant interface lo.IPv4 for mDNS.
Mar  6 17:59:36 Workstation avahi-daemon[430]: Network interface enumeration completed.
Mar  6 17:59:36 Workstation avahi-daemon[430]: Registering new address record for ::1 on lo.*.
Mar  6 17:59:36 Workstation avahi-daemon[430]: Registering new address record for 127.0.0.1 on lo.IPv4.
Mar  6 17:59:36 Workstation systemd[1]: Starting Accounts Service...
Mar  6 17:59:36 Workstation kernel: [    3.213937] RAPL PMU: API unit is 2^-32 Joules, 0 fixed counters, 10737418240 ms ovfl timer
Mar  6 17:59:36 Workstation systemd[1]: Starting LSB: Record successful boot for GRUB...
Mar  6 17:59:36 Workstation systemd[1]: Starting Modem Manager...
Mar  6 17:59:36 Workstation systemd[1]: Starting Disk Manager...
Mar  6 17:59:36 Workstation systemd[1]: Starting WPA supplicant...
Mar  6 17:59:36 Workstation systemd[1]: Starting Thermal Daemon Service...
Mar  6 17:59:36 Workstation systemd[1]: Starting Restore /etc/resolv.conf if the system crashed before the ppp link was shut down...
Mar  6 17:59:36 Workstation systemd[1]: Started irqbalance daemon.
Mar  6 17:59:36 Workstation systemd[1]: Starting Snap Daemon...
Mar  6 17:59:36 Workstation systemd[1]: Started System Logging Service.
Mar  6 17:59:36 Workstation systemd[1]: Started Raise network interfaces.
Mar  6 17:59:36 Workstation udisksd[485]: udisks daemon version 2.7.6 starting
Mar  6 17:59:36 Workstation systemd[1]: Started Restore /etc/resolv.conf if the system crashed before the ppp link was shut down.
Mar  6 17:59:36 Workstation thermald[489]: NO RAPL sysfs present
Mar  6 17:59:36 Workstation thermald[489]: 22 CPUID levels; family:model:stepping 0x6:8e:c (6:142:12)
Mar  6 17:59:36 Workstation thermald[489]: Polling mode is enabled: 4
Mar  6 17:59:36 Workstation thermald[489]: Thermal DTS: No coretemp sysfs found
Mar  6 17:59:36 Workstation apport[419]:  * Starting automatic crash report generation: apport
Mar  6 17:59:36 Workstation speech-dispatcher[435]:  * speech-dispatcher disabled; edit /etc/default/speech-dispatcher
Mar  6 17:59:36 Workstation grub-common[478]:  * Recording successful boot for GRUB
Mar  6 17:59:36 Workstation systemd[1]: Started LSB: Speech Dispatcher.
Mar  6 17:59:36 Workstation apport[419]:    ...done.
Mar  6 17:59:36 Workstation systemd[1]: Started LSB: automatic crash report generation.
Mar  6 17:59:36 Workstation thermald[489]: Thermal DTS or hwmon: No Zones present Need to configure manually
Mar  6 17:59:36 Workstation thermald[489]: No thermal sensors found
Mar  6 17:59:36 Workstation thermald[489]: THD engine start failed
Mar  6 17:59:36 Workstation acpid: starting up with netlink and the input layer
Mar  6 17:59:36 Workstation systemd[1]: Started Thermal Daemon Service.
Mar  6 17:59:36 Workstation wpa_supplicant[487]: Successfully initialized wpa_supplicant
Mar  6 17:59:36 Workstation acpid: 8 rules loaded
Mar  6 17:59:36 Workstation acpid: waiting for events: event logging is off
Mar  6 17:59:36 Workstation ModemManager[484]: <info>  ModemManager (version 1.10.0) starting in system bus...
Mar  6 17:59:36 Workstation kernel: [    3.308984] cryptd: max_cpu_qlen set to 1000
Mar  6 17:59:36 Workstation grub-common[478]:    ...done.
Mar  6 17:59:36 Workstation systemd[1]: Started LSB: Record successful boot for GRUB.
Mar  6 17:59:36 Workstation dbus-daemon[440]: [system] Activating via systemd: service name='org.freedesktop.PolicyKit1' unit='polkit.service' requested by ':1.9' (uid=0 pid=484 comm="/usr/sbin/ModemManager --filter-policy=strict " label="unconfined")
Mar  6 17:59:36 Workstation systemd[1]: Started Avahi mDNS/DNS-SD Stack.
Mar  6 17:59:36 Workstation systemd[1]: Started WPA supplicant.
Mar  6 17:59:36 Workstation udisksd[485]: failed to load module mdraid: libbd_mdraid.so.2: cannot open shared object file: No such file or directory
Mar  6 17:59:36 Workstation systemd[1]: Starting Authorization Manager...
Mar  6 17:59:36 Workstation systemd[1]: Started Make remote CUPS printers available locally.
Mar  6 17:59:36 Workstation systemd[1]: Started Detect the available GPUs and deal with any system changes.
Mar  6 17:59:36 Workstation udisksd[485]: Failed to load the 'mdraid' libblockdev plugin
Mar  6 17:59:36 Workstation systemd[1]: Listening on Load/Save RF Kill Switch Status /dev/rfkill Watch.
Mar  6 17:59:36 Workstation NetworkManager[474]: <info>  [1709719176.4383] NetworkManager (version 1.10.6) is starting... (for the first time)
Mar  6 17:59:36 Workstation NetworkManager[474]: <info>  [1709719176.4384] Read config: /etc/NetworkManager/NetworkManager.conf (lib: 10-dns-resolved.conf, 20-connectivity-ubuntu.conf, no-mac-addr-change.conf) (run: 10-globally-managed-devices.conf) (etc: default-wifi-powersave-on.conf)
Mar  6 17:59:36 Workstation kernel: [    3.383024] AVX2 version of gcm_enc/dec engaged.
Mar  6 17:59:36 Workstation kernel: [    3.383027] AES CTR mode by8 optimization enabled
Mar  6 17:59:36 Workstation systemd-udevd[318]: link_config: autonegotiation is unset or enabled, the speed and duplex are not writable.
Mar  6 17:59:36 Workstation polkitd[535]: started daemon version 0.105 using authority implementation `local' version `0.105'
Mar  6 17:59:36 Workstation dbus-daemon[440]: [system] Successfully activated service 'org.freedesktop.PolicyKit1'
Mar  6 17:59:36 Workstation systemd[1]: Started Authorization Manager.
Mar  6 17:59:36 Workstation accounts-daemon[477]: started daemon version 0.6.45
Mar  6 17:59:36 Workstation kernel: [    3.397219] [drm] DMA map mode: Caching DMA mappings.
Mar  6 17:59:36 Workstation kernel: [    3.397281] [drm] Capabilities:
Mar  6 17:59:36 Workstation kernel: [    3.397282] [drm]   Rect copy.
Mar  6 17:59:36 Workstation kernel: [    3.397283] [drm]   Cursor.
Mar  6 17:59:36 Workstation kernel: [    3.397284] [drm]   Cursor bypass.
Mar  6 17:59:36 Workstation kernel: [    3.397284] [drm]   Cursor bypass 2.
Mar  6 17:59:36 Workstation kernel: [    3.397285] [drm]   Alpha cursor.
Mar  6 17:59:36 Workstation kernel: [    3.397286] [drm]   Extended Fifo.
Mar  6 17:59:36 Workstation kernel: [    3.397286] [drm]   Pitchlock.
Mar  6 17:59:36 Workstation kernel: [    3.397287] [drm]   Irq mask.
Mar  6 17:59:36 Workstation kernel: [    3.397287] [drm]   GMR.
Mar  6 17:59:36 Workstation kernel: [    3.397288] [drm]   Traces.
Mar  6 17:59:36 Workstation kernel: [    3.397289] [drm]   GMR2.
Mar  6 17:59:36 Workstation kernel: [    3.397289] [drm]   Screen Object 2.
Mar  6 17:59:36 Workstation kernel: [    3.397290] [drm]   Command Buffers.
Mar  6 17:59:36 Workstation kernel: [    3.397292] [drm] Max GMR ids is 8192
Mar  6 17:59:36 Workstation kernel: [    3.397292] [drm] Max number of GMR pages is 1048576
Mar  6 17:59:36 Workstation kernel: [    3.397293] [drm] Max dedicated hypervisor surface memory is 507904 kiB
Mar  6 17:59:36 Workstation kernel: [    3.397294] [drm] Maximum display memory size is 16384 kiB
Mar  6 17:59:36 Workstation kernel: [    3.397295] [drm] VRAM at 0xe0000000 size is 16384 kiB
Mar  6 17:59:36 Workstation kernel: [    3.397296] [drm] MMIO at 0xf0000000 size is 2048 kiB
Mar  6 17:59:36 Workstation systemd[1]: Started Accounts Service.
Mar  6 17:59:36 Workstation NetworkManager[474]: <info>  [1709719176.4630] manager[0x55ab8ea38060]: monitoring kernel firmware directory '/lib/firmware'.
Mar  6 17:59:36 Workstation NetworkManager[474]: <info>  [1709719176.4656] monitoring ifupdown state file '/run/network/ifstate'.
Mar  6 17:59:36 Workstation kernel: [    3.414950] [TTM] Zone  kernel: Available graphics memory: 2015092 KiB
Mar  6 17:59:36 Workstation kernel: [    3.414952] [TTM] Initializing pool allocator
Mar  6 17:59:36 Workstation kernel: [    3.414960] [TTM] Initializing DMA pool allocator
Mar  6 17:59:36 Workstation kernel: [    3.415011] [drm] Supports vblank timestamp caching Rev 2 (21.10.2013).
Mar  6 17:59:36 Workstation kernel: [    3.415038] [drm] No driver support for vblank timestamp query.
Mar  6 17:59:36 Workstation kernel: [    3.415390] [drm] Screen Objects Display Unit initialized
Mar  6 17:59:36 Workstation kernel: [    3.415550] [drm] width 720
Mar  6 17:59:36 Workstation kernel: [    3.415566] [drm] height 400
Mar  6 17:59:36 Workstation kernel: [    3.415571] [drm] bpp 32
Mar  6 17:59:36 Workstation kernel: [    3.415792] [drm] Fifo max 0x00200000 min 0x00001000 cap 0x00000355
Mar  6 17:59:36 Workstation kernel: [    3.416011] [drm] Using command buffers with DMA pool.
Mar  6 17:59:36 Workstation kernel: [    3.416025] [drm] DX: no.
Mar  6 17:59:36 Workstation kernel: [    3.416026] [drm] Atomic: yes.
Mar  6 17:59:36 Workstation kernel: [    3.416026] [drm] SM4_1: no.
Mar  6 17:59:36 Workstation kernel: [    3.416055] [drm:vmw_host_log [vmwgfx]] *ERROR* Failed to send host log message.
Mar  6 17:59:36 Workstation dbus-daemon[440]: [system] Activating via systemd: service name='org.freedesktop.hostname1' unit='dbus-org.freedesktop.hostname1.service' requested by ':1.12' (uid=0 pid=474 comm="/usr/sbin/NetworkManager --no-daemon " label="unconfined")
Mar  6 17:59:36 Workstation kernel: [    3.417968] [drm:vmw_host_log [vmwgfx]] *ERROR* Failed to send host log message.
Mar  6 17:59:36 Workstation systemd[1]: Starting Hostname Service...
Mar  6 17:59:36 Workstation kernel: [    3.431527] fbcon: svgadrmfb (fb0) is primary device
Mar  6 17:59:36 Workstation kernel: [    3.477824] Console: switching to colour frame buffer device 100x37
Mar  6 17:59:36 Workstation snapd[495]: AppArmor status: apparmor is enabled and all features are available
Mar  6 17:59:36 Workstation systemd[1]: Started Modem Manager.
Mar  6 17:59:36 Workstation dbus-daemon[440]: [system] Successfully activated service 'org.freedesktop.hostname1'
Mar  6 17:59:36 Workstation systemd[1]: Started Hostname Service.
Mar  6 17:59:36 Workstation NetworkManager[474]: <info>  [1709719176.5648] hostname: hostname: using hostnamed
Mar  6 17:59:36 Workstation NetworkManager[474]: <info>  [1709719176.5649] hostname: hostname changed from (none) to "Workstation"
Mar  6 17:59:36 Workstation NetworkManager[474]: <info>  [1709719176.5659] dns-mgr[0x55ab8ea2c1a0]: init: dns=systemd-resolved, rc-manager=symlink, plugin=systemd-resolved
Mar  6 17:59:36 Workstation NetworkManager[474]: <info>  [1709719176.5672] manager[0x55ab8ea38060]: rfkill: WiFi hardware radio set enabled
Mar  6 17:59:36 Workstation NetworkManager[474]: <info>  [1709719176.5673] manager[0x55ab8ea38060]: rfkill: WWAN hardware radio set enabled
Mar  6 17:59:36 Workstation kernel: [    3.508921] [drm] Initialized vmwgfx 2.15.0 20180704 for 0000:00:02.0 on minor 0
Mar  6 17:59:36 Workstation systemd[1]: Started Network Manager.
Mar  6 17:59:36 Workstation dbus-daemon[440]: [system] Activating via systemd: service name='org.freedesktop.nm_dispatcher' unit='dbus-org.freedesktop.nm-dispatcher.service' requested by ':1.12' (uid=0 pid=474 comm="/usr/sbin/NetworkManager --no-daemon " label="unconfined")
Mar  6 17:59:36 Workstation systemd[1]: Starting Network Manager Wait Online...
Mar  6 17:59:36 Workstation systemd[1]: Reached target Network.
Mar  6 17:59:36 Workstation systemd[1]: Started Unattended Upgrades Shutdown.
Mar  6 17:59:36 Workstation networkd-dispatcher[432]: WARNING: systemd-networkd is not running, output will be incomplete.
Mar  6 17:59:36 Workstation systemd[1]: Starting Permit User Sessions...
Mar  6 17:59:36 Workstation systemd[1]: Started Dispatcher daemon for systemd-networkd.
Mar  6 17:59:36 Workstation systemd[1]: Starting Network Manager Script Dispatcher Service...
Mar  6 17:59:36 Workstation systemd[1]: Started Permit User Sessions.
Mar  6 17:59:36 Workstation systemd[1]: Starting GNOME Display Manager...
Mar  6 17:59:36 Workstation systemd[1]: Starting Hold until boot process finishes up...
Mar  6 17:59:36 Workstation dbus-daemon[440]: [system] Successfully activated service 'org.freedesktop.nm_dispatcher'
Mar  6 17:59:36 Workstation systemd[1]: Started Network Manager Script Dispatcher Service.
Mar  6 17:59:36 Workstation NetworkManager[474]: <info>  [1709719176.6434] init!
Mar  6 17:59:36 Workstation NetworkManager[474]: <info>  [1709719176.6436]       interface-parser: parsing file /etc/network/interfaces
Mar  6 17:59:36 Workstation NetworkManager[474]: <info>  [1709719176.6437]       interface-parser: finished parsing file /etc/network/interfaces
Mar  6 17:59:36 Workstation NetworkManager[474]: <info>  [1709719176.6437] management mode: unmanaged
Mar  6 17:59:36 Workstation NetworkManager[474]: <info>  [1709719176.6446] devices added (path: /sys/devices/pci0000:00/0000:00:03.0/net/enp0s3, iface: enp0s3)
Mar  6 17:59:36 Workstation NetworkManager[474]: <info>  [1709719176.6446] device added (path: /sys/devices/pci0000:00/0000:00:03.0/net/enp0s3, iface: enp0s3): no ifupdown configuration found.
Mar  6 17:59:36 Workstation NetworkManager[474]: <info>  [1709719176.6447] devices added (path: /sys/devices/pci0000:00/0000:00:08.0/net/enp0s8, iface: enp0s8)
Mar  6 17:59:36 Workstation NetworkManager[474]: <info>  [1709719176.6447] device added (path: /sys/devices/pci0000:00/0000:00:08.0/net/enp0s8, iface: enp0s8): no ifupdown configuration found.
Mar  6 17:59:36 Workstation NetworkManager[474]: <info>  [1709719176.6447] devices added (path: /sys/devices/virtual/net/lo, iface: lo)
Mar  6 17:59:36 Workstation NetworkManager[474]: <info>  [1709719176.6447] device added (path: /sys/devices/virtual/net/lo, iface: lo): no ifupdown configuration found.
Mar  6 17:59:36 Workstation NetworkManager[474]: <info>  [1709719176.6447] end _init.
Mar  6 17:59:36 Workstation NetworkManager[474]: <info>  [1709719176.6448] settings: loaded plugin ifupdown: (C) 2008 Canonical Ltd.  To report bugs please use the NetworkManager mailing list. (/usr/lib/x86_64-linux-gnu/NetworkManager/libnm-settings-plugin-ifupdown.so)
Mar  6 17:59:36 Workstation NetworkManager[474]: <info>  [1709719176.6448] settings: loaded plugin keyfile: (c) 2007 - 2016 Red Hat, Inc.  To report bugs please use the NetworkManager mailing list.
Mar  6 17:59:36 Workstation NetworkManager[474]: <info>  [1709719176.6448] (-1901650752) ... get_connections.
Mar  6 17:59:36 Workstation NetworkManager[474]: <info>  [1709719176.6448] (-1901650752) ... get_connections (managed=false): return empty list.
Mar  6 17:59:36 Workstation NetworkManager[474]: <info>  [1709719176.6470] get unmanaged devices count: 0
Mar  6 17:59:36 Workstation NetworkManager[474]: <info>  [1709719176.6472] manager: rfkill: WiFi enabled by radio killswitch; enabled by state file
Mar  6 17:59:36 Workstation NetworkManager[474]: <info>  [1709719176.6473] manager: rfkill: WWAN enabled by radio killswitch; enabled by state file
Mar  6 17:59:36 Workstation NetworkManager[474]: <info>  [1709719176.6473] manager: Networking is enabled by state file
Mar  6 17:59:36 Workstation NetworkManager[474]: <info>  [1709719176.6476] dhcp-init: Using DHCP client 'dhclient'
Mar  6 17:59:36 Workstation nm-dispatcher: req:1 'hostname': new request (1 scripts)
Mar  6 17:59:36 Workstation nm-dispatcher: req:1 'hostname': start running ordered scripts...
Mar  6 17:59:36 Workstation NetworkManager[474]: <info>  [1709719176.6499] Loaded device plugin: NMBondDeviceFactory (internal)
Mar  6 17:59:36 Workstation NetworkManager[474]: <info>  [1709719176.6500] Loaded device plugin: NMBridgeDeviceFactory (internal)
Mar  6 17:59:36 Workstation NetworkManager[474]: <info>  [1709719176.6500] Loaded device plugin: NMDummyDeviceFactory (internal)
Mar  6 17:59:36 Workstation NetworkManager[474]: <info>  [1709719176.6501] Loaded device plugin: NMEthernetDeviceFactory (internal)
Mar  6 17:59:36 Workstation NetworkManager[474]: <info>  [1709719176.6501] Loaded device plugin: NMInfinibandDeviceFactory (internal)
Mar  6 17:59:36 Workstation NetworkManager[474]: <info>  [1709719176.6503] Loaded device plugin: NMIPTunnelDeviceFactory (internal)
Mar  6 17:59:36 Workstation NetworkManager[474]: <info>  [1709719176.6503] Loaded device plugin: NMMacsecDeviceFactory (internal)
Mar  6 17:59:36 Workstation NetworkManager[474]: <info>  [1709719176.6504] Loaded device plugin: NMMacvlanDeviceFactory (internal)
Mar  6 17:59:36 Workstation NetworkManager[474]: <info>  [1709719176.6504] Loaded device plugin: NMPppDeviceFactory (internal)
Mar  6 17:59:36 Workstation NetworkManager[474]: <info>  [1709719176.6504] Loaded device plugin: NMTunDeviceFactory (internal)
Mar  6 17:59:36 Workstation NetworkManager[474]: <info>  [1709719176.6505] Loaded device plugin: NMVethDeviceFactory (internal)
Mar  6 17:59:36 Workstation NetworkManager[474]: <info>  [1709719176.6505] Loaded device plugin: NMVlanDeviceFactory (internal)
Mar  6 17:59:36 Workstation NetworkManager[474]: <info>  [1709719176.6505] Loaded device plugin: NMVxlanDeviceFactory (internal)
Mar  6 17:59:36 Workstation NetworkManager[474]: <info>  [1709719176.6545] Loaded device plugin: NMWifiFactory (/usr/lib/x86_64-linux-gnu/NetworkManager/libnm-device-plugin-wifi.so)
Mar  6 17:59:36 Workstation NetworkManager[474]: <info>  [1709719176.6630] Loaded device plugin: NMBluezManager (/usr/lib/x86_64-linux-gnu/NetworkManager/libnm-device-plugin-bluetooth.so)
Mar  6 17:59:36 Workstation NetworkManager[474]: <info>  [1709719176.6647] Loaded device plugin: NMAtmManager (/usr/lib/x86_64-linux-gnu/NetworkManager/libnm-device-plugin-adsl.so)
Mar  6 17:59:36 Workstation NetworkManager[474]: <info>  [1709719176.6663] Loaded device plugin: NMWwanFactory (/usr/lib/x86_64-linux-gnu/NetworkManager/libnm-device-plugin-wwan.so)
Mar  6 17:59:36 Workstation snapd[495]: daemon.go:347: started snapd/2.49.2+18.04 (series 16; classic) ubuntu/18.04 (amd64) linux/5.4.0-84-generic.
Mar  6 17:59:36 Workstation NetworkManager[474]: <info>  [1709719176.6719] Loaded device plugin: NMTeamFactory (/usr/lib/x86_64-linux-gnu/NetworkManager/libnm-device-plugin-team.so)
Mar  6 17:59:36 Workstation NetworkManager[474]: <info>  [1709719176.6838] device (lo): carrier: link connected
Mar  6 17:59:36 Workstation NetworkManager[474]: <info>  [1709719176.6852] manager: (lo): new Generic device (/org/freedesktop/NetworkManager/Devices/1)
Mar  6 17:59:36 Workstation NetworkManager[474]: <info>  [1709719176.6876] manager: (enp0s3): new Ethernet device (/org/freedesktop/NetworkManager/Devices/2)
Mar  6 17:59:36 Workstation systemd[1]: Started GNOME Display Manager.
Mar  6 17:59:36 Workstation NetworkManager[474]: <info>  [1709719176.6965] keyfile: add connection in-memory (2a3acc45-f718-3d5f-8dc1-9672f2f5f713,"Wired connection 1")
Mar  6 17:59:36 Workstation NetworkManager[474]: <info>  [1709719176.6972] settings: (enp0s3): created default wired connection 'Wired connection 1'
Mar  6 17:59:36 Workstation NetworkManager[474]: <info>  [1709719176.7004] device (enp0s3): state change: unmanaged -> unavailable (reason 'managed', sys-iface-state: 'external')
Mar  6 17:59:36 Workstation NetworkManager[474]: <info>  [1709719176.7154] manager: (enp0s8): new Ethernet device (/org/freedesktop/NetworkManager/Devices/3)
Mar  6 17:59:36 Workstation NetworkManager[474]: <info>  [1709719176.7172] keyfile: add connection in-memory (88b22e49-8ff4-39a7-8893-9d5636ccda8e,"Wired connection 2")
Mar  6 17:59:36 Workstation NetworkManager[474]: <info>  [1709719176.7180] settings: (enp0s8): created default wired connection 'Wired connection 2'
Mar  6 17:59:36 Workstation NetworkManager[474]: <info>  [1709719176.7212] device (enp0s8): state change: unmanaged -> unavailable (reason 'managed', sys-iface-state: 'external')
Mar  6 17:59:36 Workstation NetworkManager[474]: <info>  [1709719176.7347] devices added (path: /sys/devices/virtual/net/lo, iface: lo)
Mar  6 17:59:36 Workstation NetworkManager[474]: <info>  [1709719176.7350] device added (path: /sys/devices/virtual/net/lo, iface: lo): no ifupdown configuration found.
Mar  6 17:59:36 Workstation snapd[495]: daemon.go:440: adjusting startup timeout by 30s (pessimistic estimate of 30s plus 5s per snap)
Mar  6 17:59:36 Workstation NetworkManager[474]: <info>  [1709719176.7631] modem-manager: ModemManager available
Mar  6 17:59:36 Workstation systemd[1]: Started Disk Manager.
Mar  6 17:59:36 Workstation udisksd[485]: Acquired the name org.freedesktop.UDisks2 on the system message bus
Mar  6 17:59:36 Workstation snapd[495]: helpers.go:105: error trying to compare the snap system key: system-key missing on disk
Mar  6 17:59:36 Workstation systemd[1]: Started Snap Daemon.
Mar  6 17:59:36 Workstation systemd[1]: Starting Wait until snapd is fully seeded...
Mar  6 17:59:37 Workstation systemd[1]: Created slice User Slice of gdm.
Mar  6 17:59:37 Workstation systemd[1]: Starting User Manager for UID 121...
Mar  6 17:59:37 Workstation systemd[1]: Started Session c1 of user gdm.
Mar  6 17:59:37 Workstation kernel: [    4.041831] snd_intel8x0 0000:00:05.0: white list rate for 1028:0177 is 48000
Mar  6 17:59:37 Workstation systemd[1]: Reached target Sound Card.
Mar  6 17:59:37 Workstation systemd[735]: Listening on GnuPG cryptographic agent and passphrase cache.
Mar  6 17:59:37 Workstation systemd[735]: Reached target Timers.
Mar  6 17:59:37 Workstation systemd[735]: Listening on GnuPG cryptographic agent and passphrase cache (restricted).
Mar  6 17:59:37 Workstation systemd[735]: Listening on Sound System.
Mar  6 17:59:37 Workstation systemd[735]: Listening on GnuPG network certificate management daemon.
Mar  6 17:59:37 Workstation systemd[735]: Listening on REST API socket for snapd user session agent.
Mar  6 17:59:37 Workstation systemd[735]: Listening on GnuPG cryptographic agent and passphrase cache (access for web browsers).
Mar  6 17:59:37 Workstation systemd[735]: Starting D-Bus User Message Bus Socket.
Mar  6 17:59:37 Workstation systemd[735]: Listening on GnuPG cryptographic agent (ssh-agent emulation).
Mar  6 17:59:37 Workstation systemd[735]: Started Pending report trigger for Ubuntu Report.
Mar  6 17:59:37 Workstation systemd[735]: Reached target Paths.
Mar  6 17:59:37 Workstation systemd[735]: Listening on D-Bus User Message Bus Socket.
Mar  6 17:59:37 Workstation systemd[735]: Reached target Sockets.
Mar  6 17:59:37 Workstation systemd[735]: Reached target Basic System.
Mar  6 17:59:37 Workstation systemd[735]: Reached target Default.
Mar  6 17:59:37 Workstation systemd[735]: Startup finished in 84ms.
Mar  6 17:59:37 Workstation systemd[1]: Started User Manager for UID 121.
Mar  6 17:59:37 Workstation systemd[735]: Started D-Bus User Message Bus.
Mar  6 17:59:37 Workstation systemd-udevd[311]: Process '/usr/sbin/alsactl -E HOME=/run/alsa restore 0' failed with exit code 99.
Mar  6 17:59:37 Workstation dbus-daemon[752]: [session uid=121 pid=752] AppArmor D-Bus mediation is enabled
Mar  6 17:59:37 Workstation avahi-daemon[430]: Server startup complete. Host name is Workstation.local. Local service cookie is 3865215224.
Mar  6 17:59:37 Workstation dbus-daemon[752]: [session uid=121 pid=752] Activating service name='org.freedesktop.secrets' requested by ':1.13' (uid=121 pid=760 comm="/usr/bin/python3 /usr/share/session-migration/scri" label="unconfined")
Mar  6 17:59:37 Workstation gnome-keyring-d[765]: couldn't access control socket: /run/user/121/keyring/control: No such file or directory
Mar  6 17:59:37 Workstation dbus-daemon[752]: [session uid=121 pid=752] Successfully activated service 'org.freedesktop.secrets'
Mar  6 17:59:37 Workstation dbus-daemon[440]: [system] Activating via systemd: service name='org.freedesktop.UPower' unit='upower.service' requested by ':1.26' (uid=121 pid=770 comm="/usr/bin/gnome-shell " label="unconfined")
Mar  6 17:59:37 Workstation systemd[1]: Starting Daemon for power management...
Mar  6 17:59:37 Workstation dbus-daemon[440]: [system] Successfully activated service 'org.freedesktop.UPower'
Mar  6 17:59:37 Workstation systemd[1]: Started Daemon for power management.
Mar  6 17:59:37 Workstation org.gnome.Shell.desktop[770]: VMware: No 3D enabled (0, Success).
Mar  6 17:59:37 Workstation org.gnome.Shell.desktop[770]: libEGL warning: DRI2: failed to create dri screen
Mar  6 17:59:37 Workstation org.gnome.Shell.desktop[770]: libEGL warning: Not allowed to force software rendering when API explicitly selects a hardware device.
Mar  6 17:59:37 Workstation org.gnome.Shell.desktop[770]: VMware: No 3D enabled (0, Success).
Mar  6 17:59:37 Workstation org.gnome.Shell.desktop[770]: libEGL warning: DRI2: failed to create dri screen
Mar  6 17:59:38 Workstation org.gnome.Shell.desktop[770]: VMware: No 3D enabled (0, Success).
Mar  6 17:59:38 Workstation org.gnome.Shell.desktop[770]: Disabling glamor and dri3, EGL setup failed
Mar  6 17:59:38 Workstation org.gnome.Shell.desktop[770]: Failed to initialize glamor, falling back to sw
Mar  6 17:59:38 Workstation dbus-daemon[752]: [session uid=121 pid=752] Activating via systemd: service name='org.a11y.Bus' unit='at-spi-dbus-bus.service' requested by ':1.16' (uid=121 pid=770 comm="/usr/bin/gnome-shell " label="unconfined")
Mar  6 17:59:38 Workstation systemd[735]: Starting Accessibility services bus...
Mar  6 17:59:38 Workstation dbus-daemon[752]: [session uid=121 pid=752] Successfully activated service 'org.a11y.Bus'
Mar  6 17:59:38 Workstation systemd[735]: Started Accessibility services bus.
Mar  6 17:59:38 Workstation at-spi-bus-launcher[806]: dbus-daemon[811]: Activating service name='org.a11y.atspi.Registry' requested by ':1.0' (uid=121 pid=770 comm="/usr/bin/gnome-shell " label="unconfined")
Mar  6 17:59:38 Workstation at-spi-bus-launcher[806]: dbus-daemon[811]: Successfully activated service 'org.a11y.atspi.Registry'
Mar  6 17:59:38 Workstation at-spi-bus-launcher[806]: SpiRegistry daemon is running with well-known name - org.a11y.atspi.Registry
Mar  6 17:59:38 Workstation systemd[735]: Starting Sound Service...
Mar  6 17:59:38 Workstation dbus-daemon[440]: [system] Activating via systemd: service name='org.freedesktop.RealtimeKit1' unit='rtkit-daemon.service' requested by ':1.28' (uid=121 pid=817 comm="/usr/bin/pulseaudio --daemonize=no " label="unconfined")
Mar  6 17:59:38 Workstation systemd[1]: Starting RealtimeKit Scheduling Policy Service...
Mar  6 17:59:38 Workstation dbus-daemon[440]: [system] Successfully activated service 'org.freedesktop.RealtimeKit1'
Mar  6 17:59:38 Workstation systemd[1]: Started RealtimeKit Scheduling Policy Service.
Mar  6 17:59:38 Workstation rtkit-daemon[818]: Successfully called chroot.
Mar  6 17:59:38 Workstation rtkit-daemon[818]: Successfully dropped privileges.
Mar  6 17:59:38 Workstation rtkit-daemon[818]: Successfully limited resources.
Mar  6 17:59:38 Workstation rtkit-daemon[818]: Running.
Mar  6 17:59:38 Workstation rtkit-daemon[818]: Canary thread running.
Mar  6 17:59:38 Workstation rtkit-daemon[818]: Watchdog thread running.
Mar  6 17:59:38 Workstation kernel: [    5.673860] e1000: enp0s8 NIC Link is Up 1000 Mbps Full Duplex, Flow Control: RX
Mar  6 17:59:38 Workstation kernel: [    5.675438] e1000: enp0s3 NIC Link is Up 1000 Mbps Full Duplex, Flow Control: RX
Mar  6 17:59:38 Workstation kernel: [    5.675852] IPv6: ADDRCONF(NETDEV_CHANGE): enp0s8: link becomes ready
Mar  6 17:59:38 Workstation kernel: [    5.676596] IPv6: ADDRCONF(NETDEV_CHANGE): enp0s3: link becomes ready
Mar  6 17:59:38 Workstation pulseaudio[817]: N: [pulseaudio] alsa-util.c: Disabling timer-based scheduling because running inside a VM.
Mar  6 17:59:38 Workstation NetworkManager[474]: <info>  [1709719178.7379] device (enp0s8): carrier: link connected
Mar  6 17:59:38 Workstation NetworkManager[474]: <info>  [1709719178.7388] device (enp0s8): state change: unavailable -> disconnected (reason 'carrier-changed', sys-iface-state: 'managed')
Mar  6 17:59:38 Workstation NetworkManager[474]: <info>  [1709719178.7407] device (enp0s3): carrier: link connected
Mar  6 17:59:38 Workstation pulseaudio[817]: W: [pulseaudio] sink.c: Default and alternate sample rates are the same.
Mar  6 17:59:38 Workstation NetworkManager[474]: <info>  [1709719178.7411] policy: auto-activating connection 'Wired connection 2'
Mar  6 17:59:38 Workstation NetworkManager[474]: <info>  [1709719178.7420] device (enp0s3): state change: unavailable -> disconnected (reason 'carrier-changed', sys-iface-state: 'managed')
Mar  6 17:59:38 Workstation NetworkManager[474]: <info>  [1709719178.7448] policy: auto-activating connection 'Wired connection 1'
Mar  6 17:59:38 Workstation NetworkManager[474]: <info>  [1709719178.7460] device (enp0s8): Activation: starting connection 'Wired connection 2' (88b22e49-8ff4-39a7-8893-9d5636ccda8e)
Mar  6 17:59:38 Workstation NetworkManager[474]: <info>  [1709719178.7464] device (enp0s8): state change: disconnected -> prepare (reason 'none', sys-iface-state: 'managed')
Mar  6 17:59:38 Workstation NetworkManager[474]: <info>  [1709719178.7467] manager: NetworkManager state is now CONNECTING
Mar  6 17:59:38 Workstation NetworkManager[474]: <info>  [1709719178.7473] device (enp0s3): Activation: starting connection 'Wired connection 1' (2a3acc45-f718-3d5f-8dc1-9672f2f5f713)
Mar  6 17:59:38 Workstation rtkit-daemon[818]: Supervising 0 threads of 0 processes of 1 users.
Mar  6 17:59:38 Workstation NetworkManager[474]: <info>  [1709719178.7479] device (enp0s8): state change: prepare -> config (reason 'none', sys-iface-state: 'managed')
Mar  6 17:59:38 Workstation NetworkManager[474]: <info>  [1709719178.7492] device (enp0s3): state change: disconnected -> prepare (reason 'none', sys-iface-state: 'managed')
Mar  6 17:59:38 Workstation NetworkManager[474]: <info>  [1709719178.7501] device (enp0s3): state change: prepare -> config (reason 'none', sys-iface-state: 'managed')
Mar  6 17:59:38 Workstation NetworkManager[474]: <info>  [1709719178.7513] device (enp0s8): state change: config -> ip-config (reason 'none', sys-iface-state: 'managed')
Mar  6 17:59:38 Workstation NetworkManager[474]: <info>  [1709719178.7529] dhcp4 (enp0s8): activation: beginning transaction (timeout in 45 seconds)
Mar  6 17:59:38 Workstation NetworkManager[474]: <info>  [1709719178.7583] dhcp4 (enp0s8): dhclient started with pid 822
Mar  6 17:59:38 Workstation rtkit-daemon[818]: Supervising 0 threads of 0 processes of 1 users.
Mar  6 17:59:38 Workstation avahi-daemon[430]: Joining mDNS multicast group on interface enp0s8.IPv6 with address fe80::70ac:99e4:5be3:cfef.
Mar  6 17:59:38 Workstation NetworkManager[474]: <info>  [1709719178.7641] device (enp0s3): state change: config -> ip-config (reason 'none', sys-iface-state: 'managed')
Mar  6 17:59:38 Workstation avahi-daemon[430]: New relevant interface enp0s8.IPv6 for mDNS.
Mar  6 17:59:38 Workstation avahi-daemon[430]: Registering new address record for fe80::70ac:99e4:5be3:cfef on enp0s8.*.
Mar  6 17:59:38 Workstation NetworkManager[474]: <info>  [1709719178.7647] dhcp4 (enp0s3): activation: beginning transaction (timeout in 45 seconds)
Mar  6 17:59:38 Workstation NetworkManager[474]: <info>  [1709719178.7672] dhcp4 (enp0s3): dhclient started with pid 823
Mar  6 17:59:38 Workstation avahi-daemon[430]: Joining mDNS multicast group on interface enp0s3.IPv6 with address fe80::fb0f:16af:511d:d062.
Mar  6 17:59:38 Workstation avahi-daemon[430]: New relevant interface enp0s3.IPv6 for mDNS.
Mar  6 17:59:38 Workstation avahi-daemon[430]: Registering new address record for fe80::fb0f:16af:511d:d062 on enp0s3.*.
Mar  6 17:59:38 Workstation rtkit-daemon[818]: Supervising 0 threads of 0 processes of 1 users.
Mar  6 17:59:38 Workstation rtkit-daemon[818]: message repeated 2 times: [ Supervising 0 threads of 0 processes of 1 users.]
Mar  6 17:59:38 Workstation pulseaudio[817]: N: [pulseaudio] alsa-util.c: Disabling timer-based scheduling because running inside a VM.
Mar  6 17:59:38 Workstation rtkit-daemon[818]: Supervising 0 threads of 0 processes of 1 users.
Mar  6 17:59:38 Workstation rtkit-daemon[818]: message repeated 3 times: [ Supervising 0 threads of 0 processes of 1 users.]
Mar  6 17:59:38 Workstation dhclient[822]: DHCPDISCOVER on enp0s8 to 255.255.255.255 port 67 interval 3 (xid=0xb5370e0c)
Mar  6 17:59:38 Workstation dhclient[823]: DHCPDISCOVER on enp0s3 to 255.255.255.255 port 67 interval 3 (xid=0x1a454e18)
Mar  6 17:59:38 Workstation dhclient[823]: DHCPREQUEST of 10.0.2.15 on enp0s3 to 255.255.255.255 port 67 (xid=0x184e451a)
Mar  6 17:59:38 Workstation dhclient[823]: DHCPOFFER of 10.0.2.15 from 10.0.2.2
Mar  6 17:59:38 Workstation rtkit-daemon[818]: Supervising 0 threads of 0 processes of 1 users.
Mar  6 17:59:38 Workstation dhclient[823]: DHCPACK of 10.0.2.15 from 10.0.2.2
Mar  6 17:59:38 Workstation dhclient[822]: DHCPREQUEST of 192.168.56.103 on enp0s8 to 255.255.255.255 port 67 (xid=0xc0e37b5)
Mar  6 17:59:38 Workstation dhclient[822]: DHCPOFFER of 192.168.56.103 from 192.168.56.100
Mar  6 17:59:38 Workstation NetworkManager[474]: <info>  [1709719178.8342] dhcp4 (enp0s3):   address 10.0.2.15
Mar  6 17:59:38 Workstation NetworkManager[474]: <info>  [1709719178.8347] dhcp4 (enp0s3):   plen 24 (255.255.255.0)
Mar  6 17:59:38 Workstation NetworkManager[474]: <info>  [1709719178.8349] dhcp4 (enp0s3):   gateway 10.0.2.2
Mar  6 17:59:38 Workstation NetworkManager[474]: <info>  [1709719178.8352] dhcp4 (enp0s3):   lease time 86400
Mar  6 17:59:38 Workstation dhclient[822]: DHCPACK of 192.168.56.103 from 192.168.56.100
Mar  6 17:59:38 Workstation NetworkManager[474]: <info>  [1709719178.8358] dhcp4 (enp0s3):   nameserver '192.168.100.1'
Mar  6 17:59:38 Workstation NetworkManager[474]: <info>  [1709719178.8359] dhcp4 (enp0s3): state changed unknown -> bound
Mar  6 17:59:38 Workstation avahi-daemon[430]: Joining mDNS multicast group on interface enp0s3.IPv4 with address 10.0.2.15.
Mar  6 17:59:38 Workstation NetworkManager[474]: <info>  [1709719178.8378] device (enp0s3): state change: ip-config -> ip-check (reason 'none', sys-iface-state: 'managed')
Mar  6 17:59:38 Workstation avahi-daemon[430]: New relevant interface enp0s3.IPv4 for mDNS.
Mar  6 17:59:38 Workstation avahi-daemon[430]: Registering new address record for 10.0.2.15 on enp0s3.IPv4.
Mar  6 17:59:38 Workstation NetworkManager[474]: <info>  [1709719178.8400] device (enp0s3): state change: ip-check -> secondaries (reason 'none', sys-iface-state: 'managed')
Mar  6 17:59:38 Workstation NetworkManager[474]: <info>  [1709719178.8409] device (enp0s3): state change: secondaries -> activated (reason 'none', sys-iface-state: 'managed')
Mar  6 17:59:38 Workstation NetworkManager[474]: <info>  [1709719178.8435] policy: set 'Wired connection 1' (enp0s3) as default for IPv4 routing and DNS
Mar  6 17:59:38 Workstation NetworkManager[474]: <info>  [1709719178.8454] device (enp0s3): Activation: successful, device activated.
Mar  6 17:59:38 Workstation dhclient[823]: bound to 10.0.2.15 -- renewal in 42488 seconds.
Mar  6 17:59:38 Workstation dbus-daemon[440]: [system] Activating via systemd: service name='org.bluez' unit='dbus-org.bluez.service' requested by ':1.50' (uid=121 pid=817 comm="/usr/bin/pulseaudio --daemonize=no " label="unconfined")
Mar  6 17:59:38 Workstation nm-dispatcher: req:2 'up' [enp0s3]: new request (1 scripts)
Mar  6 17:59:38 Workstation nm-dispatcher: req:2 'up' [enp0s3]: start running ordered scripts...
